Archive member included to satisfy reference by file (symbol)

/Applications/STM32CubeIDE.app/Contents/Eclipse/plugins/com.st.stm32cube.ide.mcu.externaltools.gnu-tools-for-stm32.9-2020-q2-update.macos64_1.5.0.202011040924/tools/bin/../lib/gcc/arm-none-eabi/9.3.1/../../../../arm-none-eabi/lib/thumb/v7e-m+fp/hard/libc_nano.a(lib_a-errno.o)
                              Core/Src/syscalls.o (__errno)
/Applications/STM32CubeIDE.app/Contents/Eclipse/plugins/com.st.stm32cube.ide.mcu.externaltools.gnu-tools-for-stm32.9-2020-q2-update.macos64_1.5.0.202011040924/tools/bin/../lib/gcc/arm-none-eabi/9.3.1/../../../../arm-none-eabi/lib/thumb/v7e-m+fp/hard/libc_nano.a(lib_a-exit.o)
                              /Applications/STM32CubeIDE.app/Contents/Eclipse/plugins/com.st.stm32cube.ide.mcu.externaltools.gnu-tools-for-stm32.9-2020-q2-update.macos64_1.5.0.202011040924/tools/bin/../lib/gcc/arm-none-eabi/9.3.1/../../../../arm-none-eabi/lib/thumb/v7e-m+fp/hard/crt0.o (exit)
/Applications/STM32CubeIDE.app/Contents/Eclipse/plugins/com.st.stm32cube.ide.mcu.externaltools.gnu-tools-for-stm32.9-2020-q2-update.macos64_1.5.0.202011040924/tools/bin/../lib/gcc/arm-none-eabi/9.3.1/../../../../arm-none-eabi/lib/thumb/v7e-m+fp/hard/libc_nano.a(lib_a-impure.o)
                              /Applications/STM32CubeIDE.app/Contents/Eclipse/plugins/com.st.stm32cube.ide.mcu.externaltools.gnu-tools-for-stm32.9-2020-q2-update.macos64_1.5.0.202011040924/tools/bin/../lib/gcc/arm-none-eabi/9.3.1/../../../../arm-none-eabi/lib/thumb/v7e-m+fp/hard/libc_nano.a(lib_a-exit.o) (_global_impure_ptr)
/Applications/STM32CubeIDE.app/Contents/Eclipse/plugins/com.st.stm32cube.ide.mcu.externaltools.gnu-tools-for-stm32.9-2020-q2-update.macos64_1.5.0.202011040924/tools/bin/../lib/gcc/arm-none-eabi/9.3.1/../../../../arm-none-eabi/lib/thumb/v7e-m+fp/hard/libc_nano.a(lib_a-init.o)
                              /Applications/STM32CubeIDE.app/Contents/Eclipse/plugins/com.st.stm32cube.ide.mcu.externaltools.gnu-tools-for-stm32.9-2020-q2-update.macos64_1.5.0.202011040924/tools/bin/../lib/gcc/arm-none-eabi/9.3.1/../../../../arm-none-eabi/lib/thumb/v7e-m+fp/hard/crt0.o (__libc_init_array)
/Applications/STM32CubeIDE.app/Contents/Eclipse/plugins/com.st.stm32cube.ide.mcu.externaltools.gnu-tools-for-stm32.9-2020-q2-update.macos64_1.5.0.202011040924/tools/bin/../lib/gcc/arm-none-eabi/9.3.1/../../../../arm-none-eabi/lib/thumb/v7e-m+fp/hard/libc_nano.a(lib_a-memcpy-stub.o)
                              Core/Src/MY_ILI9341.o (memcpy)
/Applications/STM32CubeIDE.app/Contents/Eclipse/plugins/com.st.stm32cube.ide.mcu.externaltools.gnu-tools-for-stm32.9-2020-q2-update.macos64_1.5.0.202011040924/tools/bin/../lib/gcc/arm-none-eabi/9.3.1/../../../../arm-none-eabi/lib/thumb/v7e-m+fp/hard/libc_nano.a(lib_a-memset.o)
                              /Applications/STM32CubeIDE.app/Contents/Eclipse/plugins/com.st.stm32cube.ide.mcu.externaltools.gnu-tools-for-stm32.9-2020-q2-update.macos64_1.5.0.202011040924/tools/bin/../lib/gcc/arm-none-eabi/9.3.1/../../../../arm-none-eabi/lib/thumb/v7e-m+fp/hard/crt0.o (memset)
/Applications/STM32CubeIDE.app/Contents/Eclipse/plugins/com.st.stm32cube.ide.mcu.externaltools.gnu-tools-for-stm32.9-2020-q2-update.macos64_1.5.0.202011040924/tools/bin/../lib/gcc/arm-none-eabi/9.3.1/../../../../arm-none-eabi/lib/thumb/v7e-m+fp/hard/libc_nano.a(lib_a-snprintf.o)
                              Core/Src/FUNCTIONS.o (snprintf)
/Applications/STM32CubeIDE.app/Contents/Eclipse/plugins/com.st.stm32cube.ide.mcu.externaltools.gnu-tools-for-stm32.9-2020-q2-update.macos64_1.5.0.202011040924/tools/bin/../lib/gcc/arm-none-eabi/9.3.1/../../../../arm-none-eabi/lib/thumb/v7e-m+fp/hard/libc_nano.a(lib_a-sprintf.o)
                              Core/Src/FUNCTIONS.o (sprintf)
/Applications/STM32CubeIDE.app/Contents/Eclipse/plugins/com.st.stm32cube.ide.mcu.externaltools.gnu-tools-for-stm32.9-2020-q2-update.macos64_1.5.0.202011040924/tools/bin/../lib/gcc/arm-none-eabi/9.3.1/../../../../arm-none-eabi/lib/thumb/v7e-m+fp/hard/libc_nano.a(lib_a-strlen.o)
                              Core/Src/FUNCTIONS.o (strlen)
/Applications/STM32CubeIDE.app/Contents/Eclipse/plugins/com.st.stm32cube.ide.mcu.externaltools.gnu-tools-for-stm32.9-2020-q2-update.macos64_1.5.0.202011040924/tools/bin/../lib/gcc/arm-none-eabi/9.3.1/../../../../arm-none-eabi/lib/thumb/v7e-m+fp/hard/libc_nano.a(lib_a-nano-svfprintf.o)
                              /Applications/STM32CubeIDE.app/Contents/Eclipse/plugins/com.st.stm32cube.ide.mcu.externaltools.gnu-tools-for-stm32.9-2020-q2-update.macos64_1.5.0.202011040924/tools/bin/../lib/gcc/arm-none-eabi/9.3.1/../../../../arm-none-eabi/lib/thumb/v7e-m+fp/hard/libc_nano.a(lib_a-snprintf.o) (_svfprintf_r)
/Applications/STM32CubeIDE.app/Contents/Eclipse/plugins/com.st.stm32cube.ide.mcu.externaltools.gnu-tools-for-stm32.9-2020-q2-update.macos64_1.5.0.202011040924/tools/bin/../lib/gcc/arm-none-eabi/9.3.1/../../../../arm-none-eabi/lib/thumb/v7e-m+fp/hard/libc_nano.a(lib_a-nano-vfprintf_i.o)
[...]
Memory Configuration

Name             Origin             Length             Attributes
CCMRAM           0x0000000010000000 0x0000000000010000 xrw
RAM              0x0000000020000000 0x0000000000020000 xrw
FLASH            0x0000000008000000 0x0000000000080000 xr
*default*        0x0000000000000000 0xffffffffffffffff

Linker script and memory map

LOAD /Applications/STM32CubeIDE.app/Contents/Eclipse/plugins/com.st.stm32cube.ide.mcu.externaltools.gnu-tools-for-stm32.9-2020-q2-update.macos64_1.5.0.202011040924/tools/bin/../lib/gcc/arm-none-eabi/9.3.1/thumb/v7e-m+fp/hard/crti.o
LOAD /Applications/STM32CubeIDE.app/Contents/Eclipse/plugins/com.st.stm32cube.ide.mcu.externaltools.gnu-tools-for-stm32.9-2020-q2-update.macos64_1.5.0.202011040924/tools/bin/../lib/gcc/arm-none-eabi/9.3.1/thumb/v7e-m+fp/hard/crtbegin.o
LOAD /Applications/STM32CubeIDE.app/Contents/Eclipse/plugins/com.st.stm32cube.ide.mcu.externaltools.gnu-tools-for-stm32.9-2020-q2-update.macos64_1.5.0.202011040924/tools/bin/../lib/gcc/arm-none-eabi/9.3.1/../../../../arm-none-eabi/lib/thumb/v7e-m+fp/hard/crt0.o
LOAD Core/Src/FUNCTIONS.o
LOAD Core/Src/MY_ILI9341.o
LOAD Core/Src/UartRingbuffer.o
LOAD Core/Src/fonts.o
LOAD Core/Src/main.o
LOAD Core/Src/stm32f4xx_hal_msp.o
LOAD Core/Src/stm32f4xx_it.o
LOAD Core/Src/syscalls.o
LOAD Core/Src/sysmem.o
LOAD Core/Src/system_stm32f4xx.o
LOAD Core/Startup/startup_stm32f407vetx.o
LOAD Drivers/STM32F4xx_HAL_Driver/Src/stm32f4xx_hal.o
LOAD Drivers/STM32F4xx_HAL_Driver/Src/stm32f4xx_hal_cortex.o
LOAD Drivers/STM32F4xx_HAL_Driver/Src/stm32f4xx_hal_dma.o
LOAD Drivers/STM32F4xx_HAL_Driver/Src/stm32f4xx_hal_dma_ex.o
LOAD Drivers/STM32F4xx_HAL_Driver/Src/stm32f4xx_hal_exti.o
LOAD Drivers/STM32F4xx_HAL_Driver/Src/stm32f4xx_hal_flash.o
LOAD Drivers/STM32F4xx_HAL_Driver/Src/stm32f4xx_hal_flash_ex.o
LOAD Drivers/STM32F4xx_HAL_Driver/Src/stm32f4xx_hal_flash_ramfunc.o
LOAD Drivers/STM32F4xx_HAL_Driver/Src/stm32f4xx_hal_gpio.o
LOAD Drivers/STM32F4xx_HAL_Driver/Src/stm32f4xx_hal_pwr.o
LOAD Drivers/STM32F4xx_HAL_Driver/Src/stm32f4xx_hal_pwr_ex.o
LOAD Drivers/STM32F4xx_HAL_Driver/Src/stm32f4xx_hal_rcc.o
LOAD Drivers/STM32F4xx_HAL_Driver/Src/stm32f4xx_hal_rcc_ex.o
LOAD Drivers/STM32F4xx_HAL_Driver/Src/stm32f4xx_hal_spi.o
LOAD Drivers/STM32F4xx_HAL_Driver/Src/stm32f4xx_hal_tim.o
LOAD Drivers/STM32F4xx_HAL_Driver/Src/stm32f4xx_hal_tim_ex.o
LOAD Drivers/STM32F4xx_HAL_Driver/Src/stm32f4xx_hal_uart.o
START GROUP
LOAD /Applications/STM32CubeIDE.app/Contents/Eclipse/plugins/com.st.stm32cube.ide.mcu.externaltools.gnu-tools-for-stm32.9-2020-q2-update.macos64_1.5.0.202011040924/tools/bin/../lib/gcc/arm-none-eabi/9.3.1/../../../../arm-none-eabi/lib/thumb/v7e-m+fp/hard/libc_nano.a
LOAD /Applications/STM32CubeIDE.app/Contents/Eclipse/plugins/com.st.stm32cube.ide.mcu.externaltools.gnu-tools-for-stm32.9-2020-q2-update.macos64_1.5.0.202011040924/tools/bin/../lib/gcc/arm-none-eabi/9.3.1/../../../../arm-none-eabi/lib/thumb/v7e-m+fp/hard/libm.a
END GROUP
START GROUP
LOAD /Applications/STM32CubeIDE.app/Contents/Eclipse/plugins/com.st.stm32cube.ide.mcu.externaltools.gnu-tools-for-stm32.9-2020-q2-update.macos64_1.5.0.202011040924/tools/bin/../lib/gcc/arm-none-eabi/9.3.1/thumb/v7e-m+fp/hard/libgcc.a
LOAD /Applications/STM32CubeIDE.app/Contents/Eclipse/plugins/com.st.stm32cube.ide.mcu.externaltools.gnu-tools-for-stm32.9-2020-q2-update.macos64_1.5.0.202011040924/tools/bin/../lib/gcc/arm-none-eabi/9.3.1/../../../../arm-none-eabi/lib/thumb/v7e-m+fp/hard/libc_nano.a
END GROUP
START GROUP
LOAD /Applications/STM32CubeIDE.app/Contents/Eclipse/plugins/com.st.stm32cube.ide.mcu.externaltools.gnu-tools-for-stm32.9-2020-q2-update.macos64_1.5.0.202011040924/tools/bin/../lib/gcc/arm-none-eabi/9.3.1/thumb/v7e-m+fp/hard/libgcc.a
LOAD /Applications/STM32CubeIDE.app/Contents/Eclipse/plugins/com.st.stm32cube.ide.mcu.externaltools.gnu-tools-for-stm32.9-2020-q2-update.macos64_1.5.0.202011040924/tools/bin/../lib/gcc/arm-none-eabi/9.3.1/../../../../arm-none-eabi/lib/thumb/v7e-m+fp/hard/libc_nano.a
LOAD /Applications/STM32CubeIDE.app/Contents/Eclipse/plugins/com.st.stm32cube.ide.mcu.externaltools.gnu-tools-for-stm32.9-2020-q2-update.macos64_1.5.0.202011040924/tools/bin/../lib/gcc/arm-none-eabi/9.3.1/../../../../arm-none-eabi/lib/thumb/v7e-m+fp/hard/libnosys.a
END GROUP
START GROUP
LOAD /Applications/STM32CubeIDE.app/Contents/Eclipse/plugins/com.st.stm32cube.ide.mcu.externaltools.gnu-tools-for-stm32.9-2020-q2-update.macos64_1.5.0.202011040924/tools/bin/../lib/gcc/arm-none-eabi/9.3.1/thumb/v7e-m+fp/hard/libgcc.a
LOAD /Applications/STM32CubeIDE.app/Contents/Eclipse/plugins/com.st.stm32cube.ide.mcu.externaltools.gnu-tools-for-stm32.9-2020-q2-update.macos64_1.5.0.202011040924/tools/bin/../lib/gcc/arm-none-eabi/9.3.1/../../../../arm-none-eabi/lib/thumb/v7e-m+fp/hard/libc_nano.a
LOAD /Applications/STM32CubeIDE.app/Contents/Eclipse/plugins/com.st.stm32cube.ide.mcu.externaltools.gnu-tools-for-stm32.9-2020-q2-update.macos64_1.5.0.202011040924/tools/bin/../lib/gcc/arm-none-eabi/9.3.1/../../../../arm-none-eabi/lib/thumb/v7e-m+fp/hard/libnosys.a
END GROUP
LOAD /Applications/STM32CubeIDE.app/Contents/Eclipse/plugins/com.st.stm32cube.ide.mcu.externaltools.gnu-tools-for-stm32.9-2020-q2-update.macos64_1.5.0.202011040924/tools/bin/../lib/gcc/arm-none-eabi/9.3.1/thumb/v7e-m+fp/hard/crtend.o
LOAD /Applications/STM32CubeIDE.app/Contents/Eclipse/plugins/com.st.stm32cube.ide.mcu.externaltools.gnu-tools-for-stm32.9-2020-q2-update.macos64_1.5.0.202011040924/tools/bin/../lib/gcc/arm-none-eabi/9.3.1/thumb/v7e-m+fp/hard/crtn.o
                0x0000000020020000                _estack = (ORIGIN (RAM) + LENGTH (RAM))
                0x0000000000000200                _Min_Heap_Size = 0x200
                0x0000000000000400                _Min_Stack_Size = 0x400

.isr_vector     0x0000000008000000      0x188
                0x0000000008000000                . = ALIGN (0x4)
 *(.isr_vector)
 .isr_vector    0x0000000008000000      0x188 Core/Startup/startup_stm32f407vetx.o
                0x0000000008000000                g_pfnVectors
                0x0000000008000188                . = ALIGN (0x4)

.text           0x0000000008000190     0x3c9c
                0x0000000008000190                . = ALIGN (0x4)
 *(.text)
 .text          0x0000000008000190       0x40 /Applications/STM32CubeIDE.app/Contents/Eclipse/plugins/com.st.stm32cube.ide.mcu.externaltools.gnu-tools-for-stm32.9-2020-q2-update.macos64_1.5.0.202011040924/tools/bin/../lib/gcc/arm-none-eabi/9.3.1/thumb/v7e-m+fp/hard/crtbegin.o
 .text          0x00000000080001d0       0x10 /Applications/STM32CubeIDE.app/Contents/Eclipse/plugins/com.st.stm32cube.ide.mcu.externaltools.gnu-tools-for-stm32.9-2020-q2-update.macos64_1.5.0.202011040924/tools/bin/../lib/gcc/arm-none-eabi/9.3.1/../../../../arm-none-eabi/lib/thumb/v7e-m+fp/hard/libc_nano.a(lib_a-strlen.o)
                0x00000000080001d0                strlen
 .text          0x00000000080001e0       0xa0 /Applications/STM32CubeIDE.app/Contents/Eclipse/plugins/com.st.stm32cube.ide.mcu.externaltools.gnu-tools-for-stm32.9-2020-q2-update.macos64_1.5.0.202011040924/tools/bin/../lib/gcc/arm-none-eabi/9.3.1/../../../../arm-none-eabi/lib/thumb/v7e-m+fp/hard/libc_nano.a(lib_a-memchr.o)
                0x00000000080001e0                memchr
 .text          0x0000000008000280       0x30 /Applications/STM32CubeIDE.app/Contents/Eclipse/plugins/com.st.stm32cube.ide.mcu.externaltools.gnu-tools-for-stm32.9-2020-q2-update.macos64_1.5.0.202011040924/tools/bin/../lib/gcc/arm-none-eabi/9.3.1/thumb/v7e-m+fp/hard/libgcc.a(_aeabi_uldivmod.o)
                0x0000000008000280                __aeabi_uldivmod
 .text          0x00000000080002b0      0x2c4 /Applications/STM32CubeIDE.app/Contents/Eclipse/plugins/com.st.stm32cube.ide.mcu.externaltools.gnu-tools-for-stm32.9-2020-q2-update.macos64_1.5.0.202011040924/tools/bin/../lib/gcc/arm-none-eabi/9.3.1/thumb/v7e-m+fp/hard/libgcc.a(_udivmoddi4.o)
                0x00000000080002b0                __udivmoddi4
 .text          0x0000000008000574        0x4 /Applications/STM32CubeIDE.app/Contents/Eclipse/plugins/com.st.stm32cube.ide.mcu.externaltools.gnu-tools-for-stm32.9-2020-q2-update.macos64_1.5.0.202011040924/tools/bin/../lib/gcc/arm-none-eabi/9.3.1/thumb/v7e-m+fp/hard/libgcc.a(_dvmd_tls.o)
                0x0000000008000574                __aeabi_ldiv0
                0x0000000008000574                __aeabi_idiv0
 *(.text*)
 .text.bufclr   0x0000000008000578       0x3a Core/Src/FUNCTIONS.o
                0x0000000008000578                bufclr
 *fill*         0x00000000080005b2        0x2 
 .text.ESP_Init
                0x00000000080005b4       0xac Core/Src/FUNCTIONS.o
                0x00000000080005b4                ESP_Init
 .text.ESP_GetData_1
                0x0000000008000660      0x118 Core/Src/FUNCTIONS.o
                0x0000000008000660                ESP_GetData_1
 .text.ESP_GetData_2
                0x0000000008000778      0x11c Core/Src/FUNCTIONS.o
                0x0000000008000778                ESP_GetData_2
 .text.ESP_GetData_3
                0x0000000008000894      0x11c Core/Src/FUNCTIONS.o
                0x0000000008000894                ESP_GetData_3
 .text.ILI9341_SendCommand
                0x00000000080009b0       0x68 Core/Src/MY_ILI9341.o
                0x00000000080009b0                ILI9341_SendCommand
 .text.ILI9341_SendData
                0x0000000008000a18       0x68 Core/Src/MY_ILI9341.o
                0x0000000008000a18                ILI9341_SendData
 .text.ILI9341_SetCursorPosition
                0x0000000008000a80       0x98 Core/Src/MY_ILI9341.o
                0x0000000008000a80                ILI9341_SetCursorPosition
 .text.ILI9341_Init
                0x0000000008000b18      0x180 Core/Src/MY_ILI9341.o
                0x0000000008000b18                ILI9341_Init
 .text.ILI9341_DrawPixel
                0x0000000008000c98       0x3e Core/Src/MY_ILI9341.o
                0x0000000008000c98                ILI9341_DrawPixel
 *fill*         0x0000000008000cd6        0x2 
 .text.ILI9341_Fill
                0x0000000008000cd8       0x88 Core/Src/MY_ILI9341.o
                0x0000000008000cd8                ILI9341_Fill
 .text.ILI9341_Fill_Rect
                0x0000000008000d60       0x76 Core/Src/MY_ILI9341.o
                0x0000000008000d60                ILI9341_Fill_Rect
 *fill*         0x0000000008000dd6        0x2 
 .text.ILI9341_drawChar
                0x0000000008000dd8      0x28c Core/Src/MY_ILI9341.o
                0x0000000008000dd8                ILI9341_drawChar
 .text.ILI9341_printText
                0x0000000008001064       0x82 Core/Src/MY_ILI9341.o
                0x0000000008001064                ILI9341_printText
 *fill*         0x00000000080010e6        0x2 
 .text.ILI9341_setRotation
                0x00000000080010e8       0x98 Core/Src/MY_ILI9341.o
                0x00000000080010e8                ILI9341_setRotation
 .text.Ringbuf_init
                0x0000000008001180       0x50 Core/Src/UartRingbuffer.o
                0x0000000008001180                Ringbuf_init
 .text.store_char
                0x00000000080011d0       0x3e Core/Src/UartRingbuffer.o
                0x00000000080011d0                store_char
 *fill*         0x000000000800120e        0x2 
 .text.Uart_read
                0x0000000008001210       0x50 Core/Src/UartRingbuffer.o
                0x0000000008001210                Uart_read
 .text.Uart_write
                0x0000000008001260       0x68 Core/Src/UartRingbuffer.o
                0x0000000008001260                Uart_write
 .text.IsDataAvailable
                0x00000000080012c8       0x30 Core/Src/UartRingbuffer.o
                0x00000000080012c8                IsDataAvailable
 .text.Uart_sendstring
                0x00000000080012f8       0x2a Core/Src/UartRingbuffer.o
                0x00000000080012f8                Uart_sendstring
 *fill*         0x0000000008001322        0x2 
 .text.Uart_peek
                0x0000000008001324       0x34 Core/Src/UartRingbuffer.o
                0x0000000008001324                Uart_peek
 .text.Copy_upto
                0x0000000008001358       0xe8 Core/Src/UartRingbuffer.o
                0x0000000008001358                Copy_upto
 .text.Wait_for
                0x0000000008001440       0xa8 Core/Src/UartRingbuffer.o
                0x0000000008001440                Wait_for
 .text.Uart_isr
                0x00000000080014e8       0xb4 Core/Src/UartRingbuffer.o
                0x00000000080014e8                Uart_isr
 .text.main     0x000000000800159c      0x198 Core/Src/main.o
                0x000000000800159c                main
 .text.SystemClock_Config
                0x0000000008001734       0xbc Core/Src/main.o
                0x0000000008001734                SystemClock_Config
 .text.MX_SPI1_Init
                0x00000000080017f0       0x6c Core/Src/main.o
 .text.MX_USART2_UART_Init
                0x000000000800185c       0x54 Core/Src/main.o
 .text.MX_GPIO_Init
                0x00000000080018b0       0xcc Core/Src/main.o
 .text.Error_Handler
                0x000000000800197c        0xa Core/Src/main.o
                0x000000000800197c                Error_Handler
 *fill*         0x0000000008001986        0x2 
 .text.HAL_MspInit
                0x0000000008001988       0x50 Core/Src/stm32f4xx_hal_msp.o
                0x0000000008001988                HAL_MspInit
 .text.HAL_SPI_MspInit
                0x00000000080019d8       0x90 Core/Src/stm32f4xx_hal_msp.o
                0x00000000080019d8                HAL_SPI_MspInit
 .text.HAL_UART_MspInit
                0x0000000008001a68       0xa0 Core/Src/stm32f4xx_hal_msp.o
                0x0000000008001a68                HAL_UART_MspInit
 .text.NMI_Handler
                0x0000000008001b08        0x6 Core/Src/stm32f4xx_it.o
                0x0000000008001b08                NMI_Handler
 .text.HardFault_Handler
                0x0000000008001b0e        0x6 Core/Src/stm32f4xx_it.o
                0x0000000008001b0e                HardFault_Handler
 .text.MemManage_Handler
                0x0000000008001b14        0x6 Core/Src/stm32f4xx_it.o
                0x0000000008001b14                MemManage_Handler
 .text.BusFault_Handler
                0x0000000008001b1a        0x6 Core/Src/stm32f4xx_it.o
                0x0000000008001b1a                BusFault_Handler
 .text.UsageFault_Handler
                0x0000000008001b20        0x6 Core/Src/stm32f4xx_it.o
                0x0000000008001b20                UsageFault_Handler
 .text.SVC_Handler
                0x0000000008001b26        0xe Core/Src/stm32f4xx_it.o
                0x0000000008001b26                SVC_Handler
 .text.DebugMon_Handler
                0x0000000008001b34        0xe Core/Src/stm32f4xx_it.o
                0x0000000008001b34                DebugMon_Handler
 .text.PendSV_Handler
                0x0000000008001b42        0xe Core/Src/stm32f4xx_it.o
                0x0000000008001b42                PendSV_Handler
 .text.SysTick_Handler
                0x0000000008001b50        0xc Core/Src/stm32f4xx_it.o
                0x0000000008001b50                SysTick_Handler
 .text.USART2_IRQHandler
                0x0000000008001b5c       0x14 Core/Src/stm32f4xx_it.o
                0x0000000008001b5c                USART2_IRQHandler
 .text._sbrk    0x0000000008001b70       0x6c Core/Src/sysmem.o
                0x0000000008001b70                _sbrk
 .text.SystemInit
                0x0000000008001bdc       0x24 Core/Src/system_stm32f4xx.o
                0x0000000008001bdc                SystemInit
 .text.Reset_Handler
                0x0000000008001c00       0x50 Core/Startup/startup_stm32f407vetx.o
                0x0000000008001c00                Reset_Handler
 .text.Default_Handler
                0x0000000008001c50        0x2 Core/Startup/startup_stm32f407vetx.o
                0x0000000008001c50                DMA1_Stream3_IRQHandler
                0x0000000008001c50                HASH_RNG_IRQHandler
                0x0000000008001c50                EXTI2_IRQHandler
                0x0000000008001c50                TIM8_CC_IRQHandler
                0x0000000008001c50                TIM1_CC_IRQHandler
                0x0000000008001c50                DMA2_Stream5_IRQHandler
                0x0000000008001c50                DMA1_Stream5_IRQHandler
                0x0000000008001c50                PVD_IRQHandler
                0x0000000008001c50                SDIO_IRQHandler
                0x0000000008001c50                TAMP_STAMP_IRQHandler
                0x0000000008001c50                CAN2_RX1_IRQHandler
                0x0000000008001c50                EXTI3_IRQHandler
                0x0000000008001c50                TIM8_TRG_COM_TIM14_IRQHandler
                0x0000000008001c50                TIM1_UP_TIM10_IRQHandler
                0x0000000008001c50                TIM8_UP_TIM13_IRQHandler
                0x0000000008001c50                I2C3_ER_IRQHandler
                0x0000000008001c50                EXTI0_IRQHandler
                0x0000000008001c50                I2C2_EV_IRQHandler
                0x0000000008001c50                DMA1_Stream2_IRQHandler
                0x0000000008001c50                CAN1_RX0_IRQHandler
                0x0000000008001c50                FPU_IRQHandler
                0x0000000008001c50                OTG_HS_WKUP_IRQHandler
                0x0000000008001c50                CAN2_SCE_IRQHandler
                0x0000000008001c50                DMA2_Stream2_IRQHandler
                0x0000000008001c50                SPI1_IRQHandler
                0x0000000008001c50                TIM6_DAC_IRQHandler
                0x0000000008001c50                TIM1_BRK_TIM9_IRQHandler
                0x0000000008001c50                DCMI_IRQHandler
                0x0000000008001c50                CAN2_RX0_IRQHandler
                0x0000000008001c50                DMA2_Stream3_IRQHandler
                0x0000000008001c50                USART6_IRQHandler
                0x0000000008001c50                USART3_IRQHandler
                0x0000000008001c50                CAN1_RX1_IRQHandler
                0x0000000008001c50                UART5_IRQHandler
                0x0000000008001c50                DMA2_Stream0_IRQHandler
                0x0000000008001c50                TIM4_IRQHandler
                0x0000000008001c50                I2C1_EV_IRQHandler
                0x0000000008001c50                DMA1_Stream6_IRQHandler
                0x0000000008001c50                DMA1_Stream1_IRQHandler
                0x0000000008001c50                UART4_IRQHandler
                0x0000000008001c50                TIM3_IRQHandler
                0x0000000008001c50                RCC_IRQHandler
                0x0000000008001c50                TIM8_BRK_TIM12_IRQHandler
                0x0000000008001c50                Default_Handler
                0x0000000008001c50                EXTI15_10_IRQHandler
                0x0000000008001c50                ADC_IRQHandler
                0x0000000008001c50                DMA1_Stream7_IRQHandler
                0x0000000008001c50                TIM7_IRQHandler
                0x0000000008001c50                CAN2_TX_IRQHandler
                0x0000000008001c50                TIM5_IRQHandler
                0x0000000008001c50                DMA2_Stream7_IRQHandler
                0x0000000008001c50                I2C3_EV_IRQHandler
                0x0000000008001c50                EXTI9_5_IRQHandler
                0x0000000008001c50                RTC_WKUP_IRQHandler
                0x0000000008001c50                ETH_WKUP_IRQHandler
                0x0000000008001c50                SPI2_IRQHandler
                0x0000000008001c50                OTG_HS_EP1_IN_IRQHandler
                0x0000000008001c50                DMA1_Stream0_IRQHandler
                0x0000000008001c50                CAN1_TX_IRQHandler
                0x0000000008001c50                EXTI4_IRQHandler
                0x0000000008001c50                FSMC_IRQHandler
                0x0000000008001c50                ETH_IRQHandler
                0x0000000008001c50                OTG_HS_EP1_OUT_IRQHandler
                0x0000000008001c50                WWDG_IRQHandler
                0x0000000008001c50                TIM2_IRQHandler
                0x0000000008001c50                OTG_FS_WKUP_IRQHandler
                0x0000000008001c50                TIM1_TRG_COM_TIM11_IRQHandler
                0x0000000008001c50                OTG_HS_IRQHandler
                0x0000000008001c50                EXTI1_IRQHandler
                0x0000000008001c50                I2C2_ER_IRQHandler
                0x0000000008001c50                DMA2_Stream1_IRQHandler
                0x0000000008001c50                CAN1_SCE_IRQHandler
                0x0000000008001c50                FLASH_IRQHandler
                0x0000000008001c50                DMA2_Stream4_IRQHandler
                0x0000000008001c50                USART1_IRQHandler
                0x0000000008001c50                OTG_FS_IRQHandler
                0x0000000008001c50                SPI3_IRQHandler
                0x0000000008001c50                DMA1_Stream4_IRQHandler
                0x0000000008001c50                I2C1_ER_IRQHandler
                0x0000000008001c50                DMA2_Stream6_IRQHandler
                0x0000000008001c50                RTC_Alarm_IRQHandler
 *fill*         0x0000000008001c52        0x2 
 .text.HAL_Init
                0x0000000008001c54       0x44 Drivers/STM32F4xx_HAL_Driver/Src/stm32f4xx_hal.o
                0x0000000008001c54                HAL_Init
 .text.HAL_InitTick
                0x0000000008001c98       0x60 Drivers/STM32F4xx_HAL_Driver/Src/stm32f4xx_hal.o
                0x0000000008001c98                HAL_InitTick
 .text.HAL_IncTick
                0x0000000008001cf8       0x28 Drivers/STM32F4xx_HAL_Driver/Src/stm32f4xx_hal.o
                0x0000000008001cf8                HAL_IncTick
 .text.HAL_GetTick
                0x0000000008001d20       0x18 Drivers/STM32F4xx_HAL_Driver/Src/stm32f4xx_hal.o
                0x0000000008001d20                HAL_GetTick
 .text.HAL_Delay
                0x0000000008001d38       0x48 Drivers/STM32F4xx_HAL_Driver/Src/stm32f4xx_hal.o
                0x0000000008001d38                HAL_Delay
 .text.__NVIC_SetPriorityGrouping
                0x0000000008001d80       0x48 Drivers/STM32F4xx_HAL_Driver/Src/stm32f4xx_hal_cortex.o
 .text.__NVIC_GetPriorityGrouping
                0x0000000008001dc8       0x1c Drivers/STM32F4xx_HAL_Driver/Src/stm32f4xx_hal_cortex.o
 .text.__NVIC_EnableIRQ
                0x0000000008001de4       0x3c Drivers/STM32F4xx_HAL_Driver/Src/stm32f4xx_hal_cortex.o
 .text.__NVIC_SetPriority
                0x0000000008001e20       0x54 Drivers/STM32F4xx_HAL_Driver/Src/stm32f4xx_hal_cortex.o
 .text.NVIC_EncodePriority
                0x0000000008001e74       0x66 Drivers/STM32F4xx_HAL_Driver/Src/stm32f4xx_hal_cortex.o
 *fill*         0x0000000008001eda        0x2 
 .text.SysTick_Config
                0x0000000008001edc       0x44 Drivers/STM32F4xx_HAL_Driver/Src/stm32f4xx_hal_cortex.o
 .text.HAL_NVIC_SetPriorityGrouping
                0x0000000008001f20       0x16 Drivers/STM32F4xx_HAL_Driver/Src/stm32f4xx_hal_cortex.o
                0x0000000008001f20                HAL_NVIC_SetPriorityGrouping
 .text.HAL_NVIC_SetPriority
                0x0000000008001f36       0x38 Drivers/STM32F4xx_HAL_Driver/Src/stm32f4xx_hal_cortex.o
                0x0000000008001f36                HAL_NVIC_SetPriority
 .text.HAL_NVIC_EnableIRQ
                0x0000000008001f6e       0x1c Drivers/STM32F4xx_HAL_Driver/Src/stm32f4xx_hal_cortex.o
                0x0000000008001f6e                HAL_NVIC_EnableIRQ
 .text.HAL_SYSTICK_Config
                0x0000000008001f8a       0x18 Drivers/STM32F4xx_HAL_Driver/Src/stm32f4xx_hal_cortex.o
                0x0000000008001f8a                HAL_SYSTICK_Config
 *fill*         0x0000000008001fa2        0x2 
 .text.HAL_GPIO_Init
                0x0000000008001fa4      0x338 Drivers/STM32F4xx_HAL_Driver/Src/stm32f4xx_hal_gpio.o
                0x0000000008001fa4                HAL_GPIO_Init
 .text.HAL_GPIO_WritePin
                0x00000000080022dc       0x32 Drivers/STM32F4xx_HAL_Driver/Src/stm32f4xx_hal_gpio.o
                0x00000000080022dc                HAL_GPIO_WritePin
 *fill*         0x000000000800230e        0x2 
 .text.HAL_RCC_OscConfig
                0x0000000008002310      0x4f0 Drivers/STM32F4xx_HAL_Driver/Src/stm32f4xx_hal_rcc.o
                0x0000000008002310                HAL_RCC_OscConfig
 .text.HAL_RCC_ClockConfig
                0x0000000008002800      0x1cc Drivers/STM32F4xx_HAL_Driver/Src/stm32f4xx_hal_rcc.o
                0x0000000008002800                HAL_RCC_ClockConfig
 .text.HAL_RCC_GetSysClockFreq
                0x00000000080029cc      0x16c Drivers/STM32F4xx_HAL_Driver/Src/stm32f4xx_hal_rcc.o
                0x00000000080029cc                HAL_RCC_GetSysClockFreq
 .text.HAL_RCC_GetHCLKFreq
                0x0000000008002b38       0x18 Drivers/STM32F4xx_HAL_Driver/Src/stm32f4xx_hal_rcc.o
                0x0000000008002b38                HAL_RCC_GetHCLKFreq
 .text.HAL_RCC_GetPCLK1Freq
                0x0000000008002b50       0x28 Drivers/STM32F4xx_HAL_Driver/Src/stm32f4xx_hal_rcc.o
                0x0000000008002b50                HAL_RCC_GetPCLK1Freq
 .text.HAL_RCC_GetPCLK2Freq
                0x0000000008002b78       0x28 Drivers/STM32F4xx_HAL_Driver/Src/stm32f4xx_hal_rcc.o
                0x0000000008002b78                HAL_RCC_GetPCLK2Freq
 .text.HAL_SPI_Init
                0x0000000008002ba0      0x112 Drivers/STM32F4xx_HAL_Driver/Src/stm32f4xx_hal_spi.o
                0x0000000008002ba0                HAL_SPI_Init
 .text.HAL_SPI_Transmit
                0x0000000008002cb2      0x278 Drivers/STM32F4xx_HAL_Driver/Src/stm32f4xx_hal_spi.o
                0x0000000008002cb2                HAL_SPI_Transmit
 *fill*         0x0000000008002f2a        0x2 
 .text.SPI_WaitFlagStateUntilTimeout
                0x0000000008002f2c      0x110 Drivers/STM32F4xx_HAL_Driver/Src/stm32f4xx_hal_spi.o
 .text.SPI_EndRxTxTransaction
                0x000000000800303c       0x84 Drivers/STM32F4xx_HAL_Driver/Src/stm32f4xx_hal_spi.o
 .text.HAL_UART_Init
                0x00000000080030c0       0x9a Drivers/STM32F4xx_HAL_Driver/Src/stm32f4xx_hal_uart.o
                0x00000000080030c0                HAL_UART_Init
 *fill*         0x000000000800315a        0x2 
 .text.UART_SetConfig
                0x000000000800315c      0x390 Drivers/STM32F4xx_HAL_Driver/Src/stm32f4xx_hal_uart.o
 .text.__errno  0x00000000080034ec        0xc /Applications/STM32CubeIDE.app/Contents/Eclipse/plugins/com.st.stm32cube.ide.mcu.externaltools.gnu-tools-for-stm32.9-2020-q2-update.macos64_1.5.0.202011040924/tools/bin/../lib/gcc/arm-none-eabi/9.3.1/../../../../arm-none-eabi/lib/thumb/v7e-m+fp/hard/libc_nano.a(lib_a-errno.o)
                0x00000000080034ec                __errno
 .text.__libc_init_array
                0x00000000080034f8       0x48 /Applications/STM32CubeIDE.app/Contents/Eclipse/plugins/com.st.stm32cube.ide.mcu.externaltools.gnu-tools-for-stm32.9-2020-q2-update.macos64_1.5.0.202011040924/tools/bin/../lib/gcc/arm-none-eabi/9.3.1/../../../../arm-none-eabi/lib/thumb/v7e-m+fp/hard/libc_nano.a(lib_a-init.o)
                0x00000000080034f8                __libc_init_array
 .text.memcpy   0x0000000008003540       0x1c /Applications/STM32CubeIDE.app/Contents/Eclipse/plugins/com.st.stm32cube.ide.mcu.externaltools.gnu-tools-for-stm32.9-2020-q2-update.macos64_1.5.0.202011040924/tools/bin/../lib/gcc/arm-none-eabi/9.3.1/../../../../arm-none-eabi/lib/thumb/v7e-m+fp/hard/libc_nano.a(lib_a-memcpy-stub.o)
                0x0000000008003540                memcpy
 .text.memset   0x000000000800355c       0x10 /Applications/STM32CubeIDE.app/Contents/Eclipse/plugins/com.st.stm32cube.ide.mcu.externaltools.gnu-tools-for-stm32.9-2020-q2-update.macos64_1.5.0.202011040924/tools/bin/../lib/gcc/arm-none-eabi/9.3.1/../../../../arm-none-eabi/lib/thumb/v7e-m+fp/hard/libc_nano.a(lib_a-memset.o)
                0x000000000800355c                memset
 .text.snprintf
                0x000000000800356c       0x68 /Applications/STM32CubeIDE.app/Contents/Eclipse/plugins/com.st.stm32cube.ide.mcu.externaltools.gnu-tools-for-stm32.9-2020-q2-update.macos64_1.5.0.202011040924/tools/bin/../lib/gcc/arm-none-eabi/9.3.1/../../../../arm-none-eabi/lib/thumb/v7e-m+fp/hard/libc_nano.a(lib_a-snprintf.o)
                0x000000000800356c                snprintf
                0x000000000800356c                sniprintf
 .text.sprintf  0x00000000080035d4       0x40 /Applications/STM32CubeIDE.app/Contents/Eclipse/plugins/com.st.stm32cube.ide.mcu.externaltools.gnu-tools-for-stm32.9-2020-q2-update.macos64_1.5.0.202011040924/tools/bin/../lib/gcc/arm-none-eabi/9.3.1/../../../../arm-none-eabi/lib/thumb/v7e-m+fp/hard/libc_nano.a(lib_a-sprintf.o)
                0x00000000080035d4                sprintf
                0x00000000080035d4                siprintf
 .text.__ssputs_r
                0x0000000008003614       0xb6 /Applications/STM32CubeIDE.app/Contents/Eclipse/plugins/com.st.stm32cube.ide.mcu.externaltools.gnu-tools-for-stm32.9-2020-q2-update.macos64_1.5.0.202011040924/tools/bin/../lib/gcc/arm-none-eabi/9.3.1/../../../../arm-none-eabi/lib/thumb/v7e-m+fp/hard/libc_nano.a(lib_a-nano-svfprintf.o)
                0x0000000008003614                __ssputs_r
 *fill*         0x00000000080036ca        0x2 
 .text._svfprintf_r
                0x00000000080036cc      0x200 /Applications/STM32CubeIDE.app/Contents/Eclipse/plugins/com.st.stm32cube.ide.mcu.externaltools.gnu-tools-for-stm32.9-2020-q2-update.macos64_1.5.0.202011040924/tools/bin/../lib/gcc/arm-none-eabi/9.3.1/../../../../arm-none-eabi/lib/thumb/v7e-m+fp/hard/libc_nano.a(lib_a-nano-svfprintf.o)
                0x00000000080036cc                _svfprintf_r
                0x00000000080036cc                _svfiprintf_r
 .text._printf_common
                0x00000000080038cc       0xda /Applications/STM32CubeIDE.app/Contents/Eclipse/plugins/com.st.stm32cube.ide.mcu.externaltools.gnu-tools-for-stm32.9-2020-q2-update.macos64_1.5.0.202011040924/tools/bin/../lib/gcc/arm-none-eabi/9.3.1/../../../../arm-none-eabi/lib/thumb/v7e-m+fp/hard/libc_nano.a(lib_a-nano-vfprintf_i.o)
                0x00000000080038cc                _printf_common
 *fill*         0x00000000080039a6        0x2 
 .text._printf_i
                0x00000000080039a8      0x24c /Applications/STM32CubeIDE.app/Contents/Eclipse/plugins/com.st.stm32cube.ide.mcu.externaltools.gnu-tools-for-stm32.9-2020-q2-update.macos64_1.5.0.202011040924/tools/bin/../lib/gcc/arm-none-eabi/9.3.1/../../../../arm-none-eabi/lib/thumb/v7e-m+fp/hard/libc_nano.a(lib_a-nano-vfprintf_i.o)
                0x00000000080039a8                _printf_i
 .text.memmove  0x0000000008003bf4       0x34 /Applications/STM32CubeIDE.app/Contents/Eclipse/plugins/com.st.stm32cube.ide.mcu.externaltools.gnu-tools-for-stm32.9-2020-q2-update.macos64_1.5.0.202011040924/tools/bin/../lib/gcc/arm-none-eabi/9.3.1/../../../../arm-none-eabi/lib/thumb/v7e-m+fp/hard/libc_nano.a(lib_a-memmove.o)
                0x0000000008003bf4                memmove
 .text._free_r  0x0000000008003c28       0xa0 /Applications/STM32CubeIDE.app/Contents/Eclipse/plugins/com.st.stm32cube.ide.mcu.externaltools.gnu-tools-for-stm32.9-2020-q2-update.macos64_1.5.0.202011040924/tools/bin/../lib/gcc/arm-none-eabi/9.3.1/../../../../arm-none-eabi/lib/thumb/v7e-m+fp/hard/libc_nano.a(lib_a-nano-freer.o)
                0x0000000008003c28                _free_r
 .text._malloc_r
                0x0000000008003cc8       0xb4 /Applications/STM32CubeIDE.app/Contents/Eclipse/plugins/com.st.stm32cube.ide.mcu.externaltools.gnu-tools-for-stm32.9-2020-q2-update.macos64_1.5.0.202011040924/tools/bin/../lib/gcc/arm-none-eabi/9.3.1/../../../../arm-none-eabi/lib/thumb/v7e-m+fp/hard/libc_nano.a(lib_a-nano-mallocr.o)
                0x0000000008003cc8                _malloc_r
 .text._realloc_r
                0x0000000008003d7c       0x4c /Applications/STM32CubeIDE.app/Contents/Eclipse/plugins/com.st.stm32cube.ide.mcu.externaltools.gnu-tools-for-stm32.9-2020-q2-update.macos64_1.5.0.202011040924/tools/bin/../lib/gcc/arm-none-eabi/9.3.1/../../../../arm-none-eabi/lib/thumb/v7e-m+fp/hard/libc_nano.a(lib_a-nano-reallocr.o)
                0x0000000008003d7c                _realloc_r
 .text._sbrk_r  0x0000000008003dc8       0x20 /Applications/STM32CubeIDE.app/Contents/Eclipse/plugins/com.st.stm32cube.ide.mcu.externaltools.gnu-tools-for-stm32.9-2020-q2-update.macos64_1.5.0.202011040924/tools/bin/../lib/gcc/arm-none-eabi/9.3.1/../../../../arm-none-eabi/lib/thumb/v7e-m+fp/hard/libc_nano.a(lib_a-sbrkr.o)
                0x0000000008003dc8                _sbrk_r
 .text.__malloc_lock
                0x0000000008003de8        0xc /Applications/STM32CubeIDE.app/Contents/Eclipse/plugins/com.st.stm32cube.ide.mcu.externaltools.gnu-tools-for-stm32.9-2020-q2-update.macos64_1.5.0.202011040924/tools/bin/../lib/gcc/arm-none-eabi/9.3.1/../../../../arm-none-eabi/lib/thumb/v7e-m+fp/hard/libc_nano.a(lib_a-mlock.o)
                0x0000000008003de8                __malloc_lock
 .text.__malloc_unlock
                0x0000000008003df4        0xc /Applications/STM32CubeIDE.app/Contents/Eclipse/plugins/com.st.stm32cube.ide.mcu.externaltools.gnu-tools-for-stm32.9-2020-q2-update.macos64_1.5.0.202011040924/tools/bin/../lib/gcc/arm-none-eabi/9.3.1/../../../../arm-none-eabi/lib/thumb/v7e-m+fp/hard/libc_nano.a(lib_a-mlock.o)
                0x0000000008003df4                __malloc_unlock
 .text._malloc_usable_size_r
                0x0000000008003e00       0x10 /Applications/STM32CubeIDE.app/Contents/Eclipse/plugins/com.st.stm32cube.ide.mcu.externaltools.gnu-tools-for-stm32.9-2020-q2-update.macos64_1.5.0.202011040924/tools/bin/../lib/gcc/arm-none-eabi/9.3.1/../../../../arm-none-eabi/lib/thumb/v7e-m+fp/hard/libc_nano.a(lib_a-nano-msizer.o)
                0x0000000008003e00                _malloc_usable_size_r
 .text.__retarget_lock_acquire_recursive
                0x0000000008003e10        0x2 /Applications/STM32CubeIDE.app/Contents/Eclipse/plugins/com.st.stm32cube.ide.mcu.externaltools.gnu-tools-for-stm32.9-2020-q2-update.macos64_1.5.0.202011040924/tools/bin/../lib/gcc/arm-none-eabi/9.3.1/../../../../arm-none-eabi/lib/thumb/v7e-m+fp/hard/libc_nano.a(lib_a-lock.o)
                0x0000000008003e10                __retarget_lock_acquire_recursive
 .text.__retarget_lock_release_recursive
                0x0000000008003e12        0x2 /Applications/STM32CubeIDE.app/Contents/Eclipse/plugins/com.st.stm32cube.ide.mcu.externaltools.gnu-tools-for-stm32.9-2020-q2-update.macos64_1.5.0.202011040924/tools/bin/../lib/gcc/arm-none-eabi/9.3.1/../../../../arm-none-eabi/lib/thumb/v7e-m+fp/hard/libc_nano.a(lib_a-lock.o)
                0x0000000008003e12                __retarget_lock_release_recursive
 *(.glue_7)
 .glue_7        0x0000000008003e14        0x0 linker stubs
 *(.glue_7t)
 .glue_7t       0x0000000008003e14        0x0 linker stubs
 *(.eh_frame)
 .eh_frame      0x0000000008003e14        0x0 /Applications/STM32CubeIDE.app/Contents/Eclipse/plugins/com.st.stm32cube.ide.mcu.externaltools.gnu-tools-for-stm32.9-2020-q2-update.macos64_1.5.0.202011040924/tools/bin/../lib/gcc/arm-none-eabi/9.3.1/thumb/v7e-m+fp/hard/crtbegin.o
 *(.init)
 .init          0x0000000008003e14        0x4 /Applications/STM32CubeIDE.app/Contents/Eclipse/plugins/com.st.stm32cube.ide.mcu.externaltools.gnu-tools-for-stm32.9-2020-q2-update.macos64_1.5.0.202011040924/tools/bin/../lib/gcc/arm-none-eabi/9.3.1/thumb/v7e-m+fp/hard/crti.o
                0x0000000008003e14                _init
 .init          0x0000000008003e18        0x8 /Applications/STM32CubeIDE.app/Contents/Eclipse/plugins/com.st.stm32cube.ide.mcu.externaltools.gnu-tools-for-stm32.9-2020-q2-update.macos64_1.5.0.202011040924/tools/bin/../lib/gcc/arm-none-eabi/9.3.1/thumb/v7e-m+fp/hard/crtn.o
 *(.fini)
 .fini          0x0000000008003e20        0x4 /Applications/STM32CubeIDE.app/Contents/Eclipse/plugins/com.st.stm32cube.ide.mcu.externaltools.gnu-tools-for-stm32.9-2020-q2-update.macos64_1.5.0.202011040924/tools/bin/../lib/gcc/arm-none-eabi/9.3.1/thumb/v7e-m+fp/hard/crti.o
                0x0000000008003e20                _fini
 .fini          0x0000000008003e24        0x8 /Applications/STM32CubeIDE.app/Contents/Eclipse/plugins/com.st.stm32cube.ide.mcu.externaltools.gnu-tools-for-stm32.9-2020-q2-update.macos64_1.5.0.202011040924/tools/bin/../lib/gcc/arm-none-eabi/9.3.1/thumb/v7e-m+fp/hard/crtn.o
                0x0000000008003e2c                . = ALIGN (0x4)
                0x0000000008003e2c                _etext = .

.vfp11_veneer   0x0000000008003e2c        0x0
 .vfp11_veneer  0x0000000008003e2c        0x0 linker stubs

.v4_bx          0x0000000008003e2c        0x0
 .v4_bx         0x0000000008003e2c        0x0 linker stubs

.iplt           0x0000000008003e2c        0x0
 .iplt          0x0000000008003e2c        0x0 /Applications/STM32CubeIDE.app/Contents/Eclipse/plugins/com.st.stm32cube.ide.mcu.externaltools.gnu-tools-for-stm32.9-2020-q2-update.macos64_1.5.0.202011040924/tools/bin/../lib/gcc/arm-none-eabi/9.3.1/thumb/v7e-m+fp/hard/crtbegin.o

.rodata         0x0000000008003e2c      0x730
                0x0000000008003e2c                . = ALIGN (0x4)
 *(.rodata)
 .rodata        0x0000000008003e2c      0x13a Core/Src/FUNCTIONS.o
 *fill*         0x0000000008003f66        0x2 
 .rodata        0x0000000008003f68       0xa5 Core/Src/main.o
 *(.rodata*)
 *fill*         0x000000000800400d        0x3 
 .rodata.font1  0x0000000008004010      0x500 Core/Src/MY_ILI9341.o
 .rodata.AHBPrescTable
                0x0000000008004510       0x10 Core/Src/system_stm32f4xx.o
                0x0000000008004510                AHBPrescTable
 .rodata.APBPrescTable
                0x0000000008004520        0x8 Core/Src/system_stm32f4xx.o
                0x0000000008004520                APBPrescTable
 .rodata._svfprintf_r.str1.1
                0x0000000008004528       0x11 /Applications/STM32CubeIDE.app/Contents/Eclipse/plugins/com.st.stm32cube.ide.mcu.externaltools.gnu-tools-for-stm32.9-2020-q2-update.macos64_1.5.0.202011040924/tools/bin/../lib/gcc/arm-none-eabi/9.3.1/../../../../arm-none-eabi/lib/thumb/v7e-m+fp/hard/libc_nano.a(lib_a-nano-svfprintf.o)
 .rodata._printf_i.str1.1
                0x0000000008004539       0x22 /Applications/STM32CubeIDE.app/Contents/Eclipse/plugins/com.st.stm32cube.ide.mcu.externaltools.gnu-tools-for-stm32.9-2020-q2-update.macos64_1.5.0.202011040924/tools/bin/../lib/gcc/arm-none-eabi/9.3.1/../../../../arm-none-eabi/lib/thumb/v7e-m+fp/hard/libc_nano.a(lib_a-nano-vfprintf_i.o)
                0x000000000800455c                . = ALIGN (0x4)
 *fill*         0x000000000800455b        0x1 

.ARM.extab      0x000000000800455c        0x0
                0x000000000800455c                . = ALIGN (0x4)
 *(.ARM.extab* .gnu.linkonce.armextab.*)
                0x000000000800455c                . = ALIGN (0x4)

.ARM            0x000000000800455c        0x8
                0x000000000800455c                . = ALIGN (0x4)
                0x000000000800455c                __exidx_start = .
 *(.ARM.exidx*)
 .ARM.exidx     0x000000000800455c        0x8 /Applications/STM32CubeIDE.app/Contents/Eclipse/plugins/com.st.stm32cube.ide.mcu.externaltools.gnu-tools-for-stm32.9-2020-q2-update.macos64_1.5.0.202011040924/tools/bin/../lib/gcc/arm-none-eabi/9.3.1/thumb/v7e-m+fp/hard/libgcc.a(_udivmoddi4.o)
                0x0000000008004564                __exidx_end = .
                0x0000000008004564                . = ALIGN (0x4)

.rel.dyn        0x0000000008004564        0x0
 .rel.iplt      0x0000000008004564        0x0 /Applications/STM32CubeIDE.app/Contents/Eclipse/plugins/com.st.stm32cube.ide.mcu.externaltools.gnu-tools-for-stm32.9-2020-q2-update.macos64_1.5.0.202011040924/tools/bin/../lib/gcc/arm-none-eabi/9.3.1/thumb/v7e-m+fp/hard/crtbegin.o

.preinit_array  0x0000000008004564        0x0
                0x0000000008004564                . = ALIGN (0x4)
                0x0000000008004564                PROVIDE (__preinit_array_start = .)
 *(.preinit_array*)
                0x0000000008004564                PROVIDE (__preinit_array_end = .)
                0x0000000008004564                . = ALIGN (0x4)

.init_array     0x0000000008004564        0x4
                0x0000000008004564                . = ALIGN (0x4)
                0x0000000008004564                PROVIDE (__init_array_start = .)
 *(SORT_BY_NAME(.init_array.*))
 *(.init_array*)
 .init_array    0x0000000008004564        0x4 /Applications/STM32CubeIDE.app/Contents/Eclipse/plugins/com.st.stm32cube.ide.mcu.externaltools.gnu-tools-for-stm32.9-2020-q2-update.macos64_1.5.0.202011040924/tools/bin/../lib/gcc/arm-none-eabi/9.3.1/thumb/v7e-m+fp/hard/crtbegin.o
                0x0000000008004568                PROVIDE (__init_array_end = .)
                0x0000000008004568                . = ALIGN (0x4)

.fini_array     0x0000000008004568        0x4
                0x0000000008004568                . = ALIGN (0x4)
                [!provide]                        PROVIDE (__fini_array_start = .)
 *(SORT_BY_NAME(.fini_array.*))
 *(.fini_array*)
 .fini_array    0x0000000008004568        0x4 /Applications/STM32CubeIDE.app/Contents/Eclipse/plugins/com.st.stm32cube.ide.mcu.externaltools.gnu-tools-for-stm32.9-2020-q2-update.macos64_1.5.0.202011040924/tools/bin/../lib/gcc/arm-none-eabi/9.3.1/thumb/v7e-m+fp/hard/crtbegin.o
                [!provide]                        PROVIDE (__fini_array_end = .)
                0x000000000800456c                . = ALIGN (0x4)
                0x000000000800456c                _sidata = LOADADDR (.data)

.data           0x0000000020000000       0x74 load address 0x000000000800456c
                0x0000000020000000                . = ALIGN (0x4)
                0x0000000020000000                _sdata = .
 *(.data)
 *(.data*)
 .data.rotationNum
                0x0000000020000000        0x1 Core/Src/MY_ILI9341.o
 *fill*         0x0000000020000001        0x3 
 .data.SystemCoreClock
                0x0000000020000004        0x4 Core/Src/system_stm32f4xx.o
                0x0000000020000004                SystemCoreClock
 .data.uwTickPrio
                0x0000000020000008        0x4 Drivers/STM32F4xx_HAL_Driver/Src/stm32f4xx_hal.o
                0x0000000020000008                uwTickPrio
 .data.uwTickFreq
                0x000000002000000c        0x1 Drivers/STM32F4xx_HAL_Driver/Src/stm32f4xx_hal.o
                0x000000002000000c                uwTickFreq
 *fill*         0x000000002000000d        0x3 
 .data._impure_ptr
                0x0000000020000010        0x4 /Applications/STM32CubeIDE.app/Contents/Eclipse/plugins/com.st.stm32cube.ide.mcu.externaltools.gnu-tools-for-stm32.9-2020-q2-update.macos64_1.5.0.202011040924/tools/bin/../lib/gcc/arm-none-eabi/9.3.1/../../../../arm-none-eabi/lib/thumb/v7e-m+fp/hard/libc_nano.a(lib_a-impure.o)
                0x0000000020000010                _impure_ptr
 .data.impure_data
                0x0000000020000014       0x60 /Applications/STM32CubeIDE.app/Contents/Eclipse/plugins/com.st.stm32cube.ide.mcu.externaltools.gnu-tools-for-stm32.9-2020-q2-update.macos64_1.5.0.202011040924/tools/bin/../lib/gcc/arm-none-eabi/9.3.1/../../../../arm-none-eabi/lib/thumb/v7e-m+fp/hard/libc_nano.a(lib_a-impure.o)
 *(.RamFunc)
 *(.RamFunc*)
                0x0000000020000074                . = ALIGN (0x4)
                0x0000000020000074                _edata = .

.igot.plt       0x0000000020000074        0x0 load address 0x00000000080045e0
 .igot.plt      0x0000000020000074        0x0 /Applications/STM32CubeIDE.app/Contents/Eclipse/plugins/com.st.stm32cube.ide.mcu.externaltools.gnu-tools-for-stm32.9-2020-q2-update.macos64_1.5.0.202011040924/tools/bin/../lib/gcc/arm-none-eabi/9.3.1/thumb/v7e-m+fp/hard/crtbegin.o
                0x0000000020000074                . = ALIGN (0x4)

.bss            0x0000000020000074      0x310 load address 0x00000000080045e0
                0x0000000020000074                _sbss = .
                0x0000000020000074                __bss_start__ = _sbss
 *(.bss)
 .bss           0x0000000020000074       0x1c /Applications/STM32CubeIDE.app/Contents/Eclipse/plugins/com.st.stm32cube.ide.mcu.externaltools.gnu-tools-for-stm32.9-2020-q2-update.macos64_1.5.0.202011040924/tools/bin/../lib/gcc/arm-none-eabi/9.3.1/thumb/v7e-m+fp/hard/crtbegin.o
 *(.bss*)
 .bss._cp437    0x0000000020000090        0x1 Core/Src/MY_ILI9341.o
 *fill*         0x0000000020000091        0x3 
 .bss.lcdSPIhandle
                0x0000000020000094       0x58 Core/Src/MY_ILI9341.o
 .bss.tftCS_GPIO
                0x00000000200000ec        0x4 Core/Src/MY_ILI9341.o
 .bss.tftCS_PIN
                0x00000000200000f0        0x2 Core/Src/MY_ILI9341.o
 *fill*         0x00000000200000f2        0x2 
 .bss.tftDC_GPIO
                0x00000000200000f4        0x4 Core/Src/MY_ILI9341.o
 .bss.tftDC_PIN
                0x00000000200000f8        0x2 Core/Src/MY_ILI9341.o
 *fill*         0x00000000200000fa        0x2 
 .bss.tftRESET_GPIO
                0x00000000200000fc        0x4 Core/Src/MY_ILI9341.o
 .bss.tftRESET_PIN
                0x0000000020000100        0x2 Core/Src/MY_ILI9341.o
 *fill*         0x0000000020000102        0x2 
 .bss.rx_buffer
                0x0000000020000104       0x48 Core/Src/UartRingbuffer.o
                0x0000000020000104                rx_buffer
 .bss.tx_buffer
                0x000000002000014c       0x48 Core/Src/UartRingbuffer.o
                0x000000002000014c                tx_buffer
 .bss.__sbrk_heap_end
                0x0000000020000194        0x4 Core/Src/sysmem.o
 .bss.__malloc_free_list
                0x0000000020000198        0x4 /Applications/STM32CubeIDE.app/Contents/Eclipse/plugins/com.st.stm32cube.ide.mcu.externaltools.gnu-tools-for-stm32.9-2020-q2-update.macos64_1.5.0.202011040924/tools/bin/../lib/gcc/arm-none-eabi/9.3.1/../../../../arm-none-eabi/lib/thumb/v7e-m+fp/hard/libc_nano.a(lib_a-nano-mallocr.o)
                0x0000000020000198                __malloc_free_list
 .bss.__malloc_sbrk_start
                0x000000002000019c        0x4 /Applications/STM32CubeIDE.app/Contents/Eclipse/plugins/com.st.stm32cube.ide.mcu.externaltools.gnu-tools-for-stm32.9-2020-q2-update.macos64_1.5.0.202011040924/tools/bin/../lib/gcc/arm-none-eabi/9.3.1/../../../../arm-none-eabi/lib/thumb/v7e-m+fp/hard/libc_nano.a(lib_a-nano-mallocr.o)
                0x000000002000019c                __malloc_sbrk_start
 *(COMMON)
 COMMON         0x00000000200001a0       0x4c Core/Src/UartRingbuffer.o
                0x00000000200001a0                _tx_buffer
                0x00000000200001a4                _rx_buffer
                0x00000000200001a8                huart2
 COMMON         0x00000000200001ec      0x184 Core/Src/main.o
                0x00000000200001ec                string2
                0x0000000020000250                string
                0x00000000200002b4                Total
                0x0000000020000318                hspi1
 COMMON         0x0000000020000370        0x4 Drivers/STM32F4xx_HAL_Driver/Src/stm32f4xx_hal.o
                0x0000000020000370                uwTick
 COMMON         0x0000000020000374        0x4 /Applications/STM32CubeIDE.app/Contents/Eclipse/plugins/com.st.stm32cube.ide.mcu.externaltools.gnu-tools-for-stm32.9-2020-q2-update.macos64_1.5.0.202011040924/tools/bin/../lib/gcc/arm-none-eabi/9.3.1/../../../../arm-none-eabi/lib/thumb/v7e-m+fp/hard/libc_nano.a(lib_a-reent.o)
                0x0000000020000374                errno
 COMMON         0x0000000020000378        0x9 /Applications/STM32CubeIDE.app/Contents/Eclipse/plugins/com.st.stm32cube.ide.mcu.externaltools.gnu-tools-for-stm32.9-2020-q2-update.macos64_1.5.0.202011040924/tools/bin/../lib/gcc/arm-none-eabi/9.3.1/../../../../arm-none-eabi/lib/thumb/v7e-m+fp/hard/libc_nano.a(lib_a-lock.o)
                0x0000000020000378                __lock___atexit_recursive_mutex
                0x0000000020000379                __lock___arc4random_mutex
                0x000000002000037a                __lock___env_recursive_mutex
                0x000000002000037b                __lock___sinit_recursive_mutex
                0x000000002000037c                __lock___malloc_recursive_mutex
                0x000000002000037d                __lock___at_quick_exit_mutex
                0x000000002000037e                __lock___dd_hash_mutex
                0x000000002000037f                __lock___tz_mutex
                0x0000000020000380                __lock___sfp_recursive_mutex
                0x0000000020000384                . = ALIGN (0x4)
 *fill*         0x0000000020000381        0x3 
                0x0000000020000384                _ebss = .
                0x0000000020000384                __bss_end__ = _ebss

._user_heap_stack
                0x0000000020000384      0x604 load address 0x00000000080045e0
                0x0000000020000388                . = ALIGN (0x8)
 *fill*         0x0000000020000384        0x4 
                [!provide]                        PROVIDE (end = .)
                0x0000000020000388                PROVIDE (_end = .)
                0x0000000020000588                . = (. + _Min_Heap_Size)
 *fill*         0x0000000020000388      0x200 
                0x0000000020000988                . = (. + _Min_Stack_Size)
 *fill*         0x0000000020000588      0x400 
                0x0000000020000988                . = ALIGN (0x8)

/DISCARD/
 libc.a(*)
 libm.a(*)
 libgcc.a(*)

.ARM.attributes
                0x0000000000000000       0x30
 *(.ARM.attributes)
 .ARM.attributes
                0x0000000000000000       0x1e /Applications/STM32CubeIDE.app/Contents/Eclipse/plugins/com.st.stm32cube.ide.mcu.externaltools.gnu-tools-for-stm32.9-2020-q2-update.macos64_1.5.0.202011040924/tools/bin/../lib/gcc/arm-none-eabi/9.3.1/thumb/v7e-m+fp/hard/crti.o
 .ARM.attributes
                0x000000000000001e       0x34 /Applications/STM32CubeIDE.app/Contents/Eclipse/plugins/com.st.stm32cube.ide.mcu.externaltools.gnu-tools-for-stm32.9-2020-q2-update.macos64_1.5.0.202011040924/tools/bin/../lib/gcc/arm-none-eabi/9.3.1/thumb/v7e-m+fp/hard/crtbegin.o
 .ARM.attributes
                0x0000000000000052       0x34 Core/Src/FUNCTIONS.o
 .ARM.attributes
                0x0000000000000086       0x34 Core/Src/MY_ILI9341.o
 .ARM.attributes
                0x00000000000000ba       0x34 Core/Src/UartRingbuffer.o
 .ARM.attributes
                0x00000000000000ee       0x34 Core/Src/main.o
 .ARM.attributes
                0x0000000000000122       0x34 Core/Src/stm32f4xx_hal_msp.o
 .ARM.attributes
                0x0000000000000156       0x34 Core/Src/stm32f4xx_it.o
 .ARM.attributes
                0x000000000000018a       0x34 Core/Src/sysmem.o
 .ARM.attributes
                0x00000000000001be       0x34 Core/Src/system_stm32f4xx.o
 .ARM.attributes
                0x00000000000001f2       0x21 Core/Startup/startup_stm32f407vetx.o
 .ARM.attributes
                0x0000000000000213       0x34 Drivers/STM32F4xx_HAL_Driver/Src/stm32f4xx_hal.o
 .ARM.attributes
                0x0000000000000247       0x34 Drivers/STM32F4xx_HAL_Driver/Src/stm32f4xx_hal_cortex.o
 .ARM.attributes
                0x000000000000027b       0x34 Drivers/STM32F4xx_HAL_Driver/Src/stm32f4xx_hal_gpio.o
 .ARM.attributes
                0x00000000000002af       0x34 Drivers/STM32F4xx_HAL_Driver/Src/stm32f4xx_hal_rcc.o
 .ARM.attributes
                0x00000000000002e3       0x34 Drivers/STM32F4xx_HAL_Driver/Src/stm32f4xx_hal_spi.o
 .ARM.attributes
                0x0000000000000317       0x34 Drivers/STM32F4xx_HAL_Driver/Src/stm32f4xx_hal_uart.o
 .ARM.attributes
                0x000000000000034b       0x34 /Applications/STM32CubeIDE.app/Contents/Eclipse/plugins/com.st.stm32cube.ide.mcu.externaltools.gnu-tools-for-stm32.9-2020-q2-update.macos64_1.5.0.202011040924/tools/bin/../lib/gcc/arm-none-eabi/9.3.1/../../../../arm-none-eabi/lib/thumb/v7e-m+fp/hard/libc_nano.a(lib_a-errno.o)
 .ARM.attributes
                0x000000000000037f       0x32 /Applications/STM32CubeIDE.app/Contents/Eclipse/plugins/com.st.stm32cube.ide.mcu.externaltools.gnu-tools-for-stm32.9-2020-q2-update.macos64_1.5.0.202011040924/tools/bin/../lib/gcc/arm-none-eabi/9.3.1/../../../../arm-none-eabi/lib/thumb/v7e-m+fp/hard/libc_nano.a(lib_a-impure.o)
 .ARM.attributes
                0x00000000000003b1       0x34 /Applications/STM32CubeIDE.app/Contents/Eclipse/plugins/com.st.stm32cube.ide.mcu.externaltools.gnu-tools-for-stm32.9-2020-q2-update.macos64_1.5.0.202011040924/tools/bin/../lib/gcc/arm-none-eabi/9.3.1/../../../../arm-none-eabi/lib/thumb/v7e-m+fp/hard/libc_nano.a(lib_a-init.o)
 .ARM.attributes
                0x00000000000003e5       0x34 /Applications/STM32CubeIDE.app/Contents/Eclipse/plugins/com.st.stm32cube.ide.mcu.externaltools.gnu-tools-for-stm32.9-2020-q2-update.macos64_1.5.0.202011040924/tools/bin/../lib/gcc/arm-none-eabi/9.3.1/../../../../arm-none-eabi/lib/thumb/v7e-m+fp/hard/libc_nano.a(lib_a-memcpy-stub.o)
 .ARM.attributes
                0x0000000000000419       0x34 /Applications/STM32CubeIDE.app/Contents/Eclipse/plugins/com.st.stm32cube.ide.mcu.externaltools.gnu-tools-for-stm32.9-2020-q2-update.macos64_1.5.0.202011040924/tools/bin/../lib/gcc/arm-none-eabi/9.3.1/../../../../arm-none-eabi/lib/thumb/v7e-m+fp/hard/libc_nano.a(lib_a-memset.o)
 .ARM.attributes
                0x000000000000044d       0x34 /Applications/STM32CubeIDE.app/Contents/Eclipse/plugins/com.st.stm32cube.ide.mcu.externaltools.gnu-tools-for-stm32.9-2020-q2-update.macos64_1.5.0.202011040924/tools/bin/../lib/gcc/arm-none-eabi/9.3.1/../../../../arm-none-eabi/lib/thumb/v7e-m+fp/hard/libc_nano.a(lib_a-snprintf.o)
 .ARM.attributes
                0x0000000000000481       0x34 /Applications/STM32CubeIDE.app/Contents/Eclipse/plugins/com.st.stm32cube.ide.mcu.externaltools.gnu-tools-for-stm32.9-2020-q2-update.macos64_1.5.0.202011040924/tools/bin/../lib/gcc/arm-none-eabi/9.3.1/../../../../arm-none-eabi/lib/thumb/v7e-m+fp/hard/libc_nano.a(lib_a-sprintf.o)
 .ARM.attributes
                0x00000000000004b5       0x17 /Applications/STM32CubeIDE.app/Contents/Eclipse/plugins/com.st.stm32cube.ide.mcu.externaltools.gnu-tools-for-stm32.9-2020-q2-update.macos64_1.5.0.202011040924/tools/bin/../lib/gcc/arm-none-eabi/9.3.1/../../../../arm-none-eabi/lib/thumb/v7e-m+fp/hard/libc_nano.a(lib_a-strlen.o)
 .ARM.attributes
                0x00000000000004cc       0x34 /Applications/STM32CubeIDE.app/Contents/Eclipse/plugins/com.st.stm32cube.ide.mcu.externaltools.gnu-tools-for-stm32.9-2020-q2-update.macos64_1.5.0.202011040924/tools/bin/../lib/gcc/arm-none-eabi/9.3.1/../../../../arm-none-eabi/lib/thumb/v7e-m+fp/hard/libc_nano.a(lib_a-nano-svfprintf.o)
 .ARM.attributes
                0x0000000000000500       0x34 /Applications/STM32CubeIDE.app/Contents/Eclipse/plugins/com.st.stm32cube.ide.mcu.externaltools.gnu-tools-for-stm32.9-2020-q2-update.macos64_1.5.0.202011040924/tools/bin/../lib/gcc/arm-none-eabi/9.3.1/../../../../arm-none-eabi/lib/thumb/v7e-m+fp/hard/libc_nano.a(lib_a-nano-vfprintf_i.o)
 .ARM.attributes
                0x0000000000000534       0x1c /Applications/STM32CubeIDE.app/Contents/Eclipse/plugins/com.st.stm32cube.ide.mcu.externaltools.gnu-tools-for-stm32.9-2020-q2-update.macos64_1.5.0.202011040924/tools/bin/../lib/gcc/arm-none-eabi/9.3.1/../../../../arm-none-eabi/lib/thumb/v7e-m+fp/hard/libc_nano.a(lib_a-memchr.o)
 .ARM.attributes
                0x0000000000000550       0x34 /Applications/STM32CubeIDE.app/Contents/Eclipse/plugins/com.st.stm32cube.ide.mcu.externaltools.gnu-tools-for-stm32.9-2020-q2-update.macos64_1.5.0.202011040924/tools/bin/../lib/gcc/arm-none-eabi/9.3.1/../../../../arm-none-eabi/lib/thumb/v7e-m+fp/hard/libc_nano.a(lib_a-memmove.o)
 .ARM.attributes
                0x0000000000000584       0x34 /Applications/STM32CubeIDE.app/Contents/Eclipse/plugins/com.st.stm32cube.ide.mcu.externaltools.gnu-tools-for-stm32.9-2020-q2-update.macos64_1.5.0.202011040924/tools/bin/../lib/gcc/arm-none-eabi/9.3.1/../../../../arm-none-eabi/lib/thumb/v7e-m+fp/hard/libc_nano.a(lib_a-nano-freer.o)
 .ARM.attributes
                0x00000000000005b8       0x34 /Applications/STM32CubeIDE.app/Contents/Eclipse/plugins/com.st.stm32cube.ide.mcu.externaltools.gnu-tools-for-stm32.9-2020-q2-update.macos64_1.5.0.202011040924/tools/bin/../lib/gcc/arm-none-eabi/9.3.1/../../../../arm-none-eabi/lib/thumb/v7e-m+fp/hard/libc_nano.a(lib_a-nano-mallocr.o)
 .ARM.attributes
                0x00000000000005ec       0x34 /Applications/STM32CubeIDE.app/Contents/Eclipse/plugins/com.st.stm32cube.ide.mcu.externaltools.gnu-tools-for-stm32.9-2020-q2-update.macos64_1.5.0.202011040924/tools/bin/../lib/gcc/arm-none-eabi/9.3.1/../../../../arm-none-eabi/lib/thumb/v7e-m+fp/hard/libc_nano.a(lib_a-nano-reallocr.o)
 .ARM.attributes
                0x0000000000000620       0x34 /Applications/STM32CubeIDE.app/Contents/Eclipse/plugins/com.st.stm32cube.ide.mcu.externaltools.gnu-tools-for-stm32.9-2020-q2-update.macos64_1.5.0.202011040924/tools/bin/../lib/gcc/arm-none-eabi/9.3.1/../../../../arm-none-eabi/lib/thumb/v7e-m+fp/hard/libc_nano.a(lib_a-sbrkr.o)
 .ARM.attributes
                0x0000000000000654       0x34 /Applications/STM32CubeIDE.app/Contents/Eclipse/plugins/com.st.stm32cube.ide.mcu.externaltools.gnu-tools-for-stm32.9-2020-q2-update.macos64_1.5.0.202011040924/tools/bin/../lib/gcc/arm-none-eabi/9.3.1/../../../../arm-none-eabi/lib/thumb/v7e-m+fp/hard/libc_nano.a(lib_a-mlock.o)
 .ARM.attributes
                0x0000000000000688       0x34 /Applications/STM32CubeIDE.app/Contents/Eclipse/plugins/com.st.stm32cube.ide.mcu.externaltools.gnu-tools-for-stm32.9-2020-q2-update.macos64_1.5.0.202011040924/tools/bin/../lib/gcc/arm-none-eabi/9.3.1/../../../../arm-none-eabi/lib/thumb/v7e-m+fp/hard/libc_nano.a(lib_a-nano-msizer.o)
 .ARM.attributes
                0x00000000000006bc       0x34 /Applications/STM32CubeIDE.app/Contents/Eclipse/plugins/com.st.stm32cube.ide.mcu.externaltools.gnu-tools-for-stm32.9-2020-q2-update.macos64_1.5.0.202011040924/tools/bin/../lib/gcc/arm-none-eabi/9.3.1/../../../../arm-none-eabi/lib/thumb/v7e-m+fp/hard/libc_nano.a(lib_a-reent.o)
 .ARM.attributes
                0x00000000000006f0       0x34 /Applications/STM32CubeIDE.app/Contents/Eclipse/plugins/com.st.stm32cube.ide.mcu.externaltools.gnu-tools-for-stm32.9-2020-q2-update.macos64_1.5.0.202011040924/tools/bin/../lib/gcc/arm-none-eabi/9.3.1/../../../../arm-none-eabi/lib/thumb/v7e-m+fp/hard/libc_nano.a(lib_a-lock.o)
 .ARM.attributes
                0x0000000000000724       0x1e /Applications/STM32CubeIDE.app/Contents/Eclipse/plugins/com.st.stm32cube.ide.mcu.externaltools.gnu-tools-for-stm32.9-2020-q2-update.macos64_1.5.0.202011040924/tools/bin/../lib/gcc/arm-none-eabi/9.3.1/thumb/v7e-m+fp/hard/libgcc.a(_aeabi_uldivmod.o)
 .ARM.attributes
                0x0000000000000742       0x34 /Applications/STM32CubeIDE.app/Contents/Eclipse/plugins/com.st.stm32cube.ide.mcu.externaltools.gnu-tools-for-stm32.9-2020-q2-update.macos64_1.5.0.202011040924/tools/bin/../lib/gcc/arm-none-eabi/9.3.1/thumb/v7e-m+fp/hard/libgcc.a(_udivmoddi4.o)
 .ARM.attributes
                0x0000000000000776       0x1e /Applications/STM32CubeIDE.app/Contents/Eclipse/plugins/com.st.stm32cube.ide.mcu.externaltools.gnu-tools-for-stm32.9-2020-q2-update.macos64_1.5.0.202011040924/tools/bin/../lib/gcc/arm-none-eabi/9.3.1/thumb/v7e-m+fp/hard/libgcc.a(_dvmd_tls.o)
 .ARM.attributes
                0x0000000000000794       0x1e /Applications/STM32CubeIDE.app/Contents/Eclipse/plugins/com.st.stm32cube.ide.mcu.externaltools.gnu-tools-for-stm32.9-2020-q2-update.macos64_1.5.0.202011040924/tools/bin/../lib/gcc/arm-none-eabi/9.3.1/thumb/v7e-m+fp/hard/crtn.o
OUTPUT(final_demo_pcb.elf elf32-littlearm)
LOAD linker stubs
LOAD /Applications/STM32CubeIDE.app/Contents/Eclipse/plugins/com.st.stm32cube.ide.mcu.externaltools.gnu-tools-for-stm32.9-2020-q2-update.macos64_1.5.0.202011040924/tools/bin/../lib/gcc/arm-none-eabi/9.3.1/../../../../arm-none-eabi/lib/thumb/v7e-m+fp/hard/libc.a
LOAD /Applications/STM32CubeIDE.app/Contents/Eclipse/plugins/com.st.stm32cube.ide.mcu.externaltools.gnu-tools-for-stm32.9-2020-q2-update.macos64_1.5.0.202011040924/tools/bin/../lib/gcc/arm-none-eabi/9.3.1/../../../../arm-none-eabi/lib/thumb/v7e-m+fp/hard/libm.a
LOAD /Applications/STM32CubeIDE.app/Contents/Eclipse/plugins/com.st.stm32cube.ide.mcu.externaltools.gnu-tools-for-stm32.9-2020-q2-update.macos64_1.5.0.202011040924/tools/bin/../lib/gcc/arm-none-eabi/9.3.1/thumb/v7e-m+fp/hard/libgcc.a

.debug_info     0x0000000000000000     0xe46d
 .debug_info    0x0000000000000000      0xc1f Core/Src/FUNCTIONS.o
 .debug_info    0x0000000000000c1f     0x1ca0 Core/Src/MY_ILI9341.o
 .debug_info    0x00000000000028bf     0x13a8 Core/Src/UartRingbuffer.o
 .debug_info    0x0000000000003c67     0x17e8 Core/Src/main.o
 .debug_info    0x000000000000544f     0x17e5 Core/Src/stm32f4xx_hal_msp.o
 .debug_info    0x0000000000006c34      0xfcc Core/Src/stm32f4xx_it.o
 .debug_info    0x0000000000007c00      0xa25 Core/Src/sysmem.o
 .debug_info    0x0000000000008625      0x5a4 Core/Src/system_stm32f4xx.o
 .debug_info    0x0000000000008bc9       0x22 Core/Startup/startup_stm32f407vetx.o
 .debug_info    0x0000000000008beb      0x9b2 Drivers/STM32F4xx_HAL_Driver/Src/stm32f4xx_hal.o
 .debug_info    0x000000000000959d      0xed7 Drivers/STM32F4xx_HAL_Driver/Src/stm32f4xx_hal_cortex.o
 .debug_info    0x000000000000a474      0x83e Drivers/STM32F4xx_HAL_Driver/Src/stm32f4xx_hal_gpio.o
 .debug_info    0x000000000000acb2      0x996 Drivers/STM32F4xx_HAL_Driver/Src/stm32f4xx_hal_rcc.o
 .debug_info    0x000000000000b648     0x17c0 Drivers/STM32F4xx_HAL_Driver/Src/stm32f4xx_hal_spi.o
 .debug_info    0x000000000000ce08     0x1665 Drivers/STM32F4xx_HAL_Driver/Src/stm32f4xx_hal_uart.o

.debug_abbrev   0x0000000000000000     0x205c
 .debug_abbrev  0x0000000000000000      0x220 Core/Src/FUNCTIONS.o
 .debug_abbrev  0x0000000000000220      0x299 Core/Src/MY_ILI9341.o
 .debug_abbrev  0x00000000000004b9      0x315 Core/Src/UartRingbuffer.o
 .debug_abbrev  0x00000000000007ce      0x2bb Core/Src/main.o
 .debug_abbrev  0x0000000000000a89      0x221 Core/Src/stm32f4xx_hal_msp.o
 .debug_abbrev  0x0000000000000caa      0x214 Core/Src/stm32f4xx_it.o
 .debug_abbrev  0x0000000000000ebe      0x1bf Core/Src/sysmem.o
 .debug_abbrev  0x000000000000107d      0x145 Core/Src/system_stm32f4xx.o
 .debug_abbrev  0x00000000000011c2       0x12 Core/Startup/startup_stm32f407vetx.o
 .debug_abbrev  0x00000000000011d4      0x1ed Drivers/STM32F4xx_HAL_Driver/Src/stm32f4xx_hal.o
 .debug_abbrev  0x00000000000013c1      0x33c Drivers/STM32F4xx_HAL_Driver/Src/stm32f4xx_hal_cortex.o
 .debug_abbrev  0x00000000000016fd      0x1f1 Drivers/STM32F4xx_HAL_Driver/Src/stm32f4xx_hal_gpio.o
 .debug_abbrev  0x00000000000018ee      0x275 Drivers/STM32F4xx_HAL_Driver/Src/stm32f4xx_hal_rcc.o
 .debug_abbrev  0x0000000000001b63      0x26e Drivers/STM32F4xx_HAL_Driver/Src/stm32f4xx_hal_spi.o
 .debug_abbrev  0x0000000000001dd1      0x28b Drivers/STM32F4xx_HAL_Driver/Src/stm32f4xx_hal_uart.o

.debug_aranges  0x0000000000000000      0x9a8
 .debug_aranges
                0x0000000000000000       0x40 Core/Src/FUNCTIONS.o
 .debug_aranges
                0x0000000000000040       0xc8 Core/Src/MY_ILI9341.o
 .debug_aranges
                0x0000000000000108       0x88 Core/Src/UartRingbuffer.o
 .debug_aranges
                0x0000000000000190       0x48 Core/Src/main.o
 .debug_aranges
                0x00000000000001d8       0x40 Core/Src/stm32f4xx_hal_msp.o
 .debug_aranges
                0x0000000000000218       0x68 Core/Src/stm32f4xx_it.o
 .debug_aranges
                0x0000000000000280       0x20 Core/Src/sysmem.o
 .debug_aranges
                0x00000000000002a0       0x28 Core/Src/system_stm32f4xx.o
 .debug_aranges
                0x00000000000002c8       0x28 Core/Startup/startup_stm32f407vetx.o
 .debug_aranges
                0x00000000000002f0       0xf0 Drivers/STM32F4xx_HAL_Driver/Src/stm32f4xx_hal.o
 .debug_aranges
                0x00000000000003e0      0x118 Drivers/STM32F4xx_HAL_Driver/Src/stm32f4xx_hal_cortex.o
 .debug_aranges
                0x00000000000004f8       0x58 Drivers/STM32F4xx_HAL_Driver/Src/stm32f4xx_hal_gpio.o
 .debug_aranges
                0x0000000000000550       0x88 Drivers/STM32F4xx_HAL_Driver/Src/stm32f4xx_hal_rcc.o
 .debug_aranges
                0x00000000000005d8      0x1d0 Drivers/STM32F4xx_HAL_Driver/Src/stm32f4xx_hal_spi.o
 .debug_aranges
                0x00000000000007a8      0x200 Drivers/STM32F4xx_HAL_Driver/Src/stm32f4xx_hal_uart.o

.debug_ranges   0x0000000000000000      0x8f0
 .debug_ranges  0x0000000000000000       0x30 Core/Src/FUNCTIONS.o
 .debug_ranges  0x0000000000000030       0xb8 Core/Src/MY_ILI9341.o
 .debug_ranges  0x00000000000000e8       0x78 Core/Src/UartRingbuffer.o
 .debug_ranges  0x0000000000000160       0x38 Core/Src/main.o
 .debug_ranges  0x0000000000000198       0x30 Core/Src/stm32f4xx_hal_msp.o
 .debug_ranges  0x00000000000001c8       0x58 Core/Src/stm32f4xx_it.o
 .debug_ranges  0x0000000000000220       0x10 Core/Src/sysmem.o
 .debug_ranges  0x0000000000000230       0x18 Core/Src/system_stm32f4xx.o
 .debug_ranges  0x0000000000000248       0x20 Core/Startup/startup_stm32f407vetx.o
 .debug_ranges  0x0000000000000268       0xe0 Drivers/STM32F4xx_HAL_Driver/Src/stm32f4xx_hal.o
 .debug_ranges  0x0000000000000348      0x108 Drivers/STM32F4xx_HAL_Driver/Src/stm32f4xx_hal_cortex.o
 .debug_ranges  0x0000000000000450       0x48 Drivers/STM32F4xx_HAL_Driver/Src/stm32f4xx_hal_gpio.o
 .debug_ranges  0x0000000000000498       0x78 Drivers/STM32F4xx_HAL_Driver/Src/stm32f4xx_hal_rcc.o
 .debug_ranges  0x0000000000000510      0x1c0 Drivers/STM32F4xx_HAL_Driver/Src/stm32f4xx_hal_spi.o
 .debug_ranges  0x00000000000006d0      0x220 Drivers/STM32F4xx_HAL_Driver/Src/stm32f4xx_hal_uart.o

.debug_macro    0x0000000000000000    0x215bc
 .debug_macro   0x0000000000000000      0x3b3 Core/Src/FUNCTIONS.o
 .debug_macro   0x00000000000003b3      0xaa8 Core/Src/FUNCTIONS.o
 .debug_macro   0x0000000000000e5b      0x29b Core/Src/FUNCTIONS.o
 .debug_macro   0x00000000000010f6       0x2e Core/Src/FUNCTIONS.o
 .debug_macro   0x0000000000001124       0x2f Core/Src/FUNCTIONS.o
 .debug_macro   0x0000000000001153       0x22 Core/Src/FUNCTIONS.o
 .debug_macro   0x0000000000001175       0x8e Core/Src/FUNCTIONS.o
 .debug_macro   0x0000000000001203       0x51 Core/Src/FUNCTIONS.o
 .debug_macro   0x0000000000001254      0x103 Core/Src/FUNCTIONS.o
 .debug_macro   0x0000000000001357       0x6a Core/Src/FUNCTIONS.o
 .debug_macro   0x00000000000013c1      0x1df Core/Src/FUNCTIONS.o
 .debug_macro   0x00000000000015a0       0x1c Core/Src/FUNCTIONS.o
 .debug_macro   0x00000000000015bc       0x22 Core/Src/FUNCTIONS.o
 .debug_macro   0x00000000000015de       0xdf Core/Src/FUNCTIONS.o
 .debug_macro   0x00000000000016bd     0x102d Core/Src/FUNCTIONS.o
 .debug_macro   0x00000000000026ea      0x11f Core/Src/FUNCTIONS.o
 .debug_macro   0x0000000000002809    0x15e3c Core/Src/FUNCTIONS.o
 .debug_macro   0x0000000000018645       0x43 Core/Src/FUNCTIONS.o
 .debug_macro   0x0000000000018688     0x3659 Core/Src/FUNCTIONS.o
 .debug_macro   0x000000000001bce1      0x174 Core/Src/FUNCTIONS.o
 .debug_macro   0x000000000001be55       0x5c Core/Src/FUNCTIONS.o
 .debug_macro   0x000000000001beb1      0x96b Core/Src/FUNCTIONS.o
 .debug_macro   0x000000000001c81c      0x9fe Core/Src/FUNCTIONS.o
 .debug_macro   0x000000000001d21a      0x117 Core/Src/FUNCTIONS.o
 .debug_macro   0x000000000001d331      0x13e Core/Src/FUNCTIONS.o
 .debug_macro   0x000000000001d46f       0x82 Core/Src/FUNCTIONS.o
 .debug_macro   0x000000000001d4f1      0x174 Core/Src/FUNCTIONS.o
 .debug_macro   0x000000000001d665      0x287 Core/Src/FUNCTIONS.o
 .debug_macro   0x000000000001d8ec       0x5f Core/Src/FUNCTIONS.o
 .debug_macro   0x000000000001d94b      0x236 Core/Src/FUNCTIONS.o
 .debug_macro   0x000000000001db81      0x12c Core/Src/FUNCTIONS.o
 .debug_macro   0x000000000001dcad      0x21e Core/Src/FUNCTIONS.o
 .debug_macro   0x000000000001decb       0x2e Core/Src/FUNCTIONS.o
 .debug_macro   0x000000000001def9      0x11a Core/Src/FUNCTIONS.o
 .debug_macro   0x000000000001e013       0x7e Core/Src/FUNCTIONS.o
 .debug_macro   0x000000000001e091       0x89 Core/Src/FUNCTIONS.o
 .debug_macro   0x000000000001e11a      0x225 Core/Src/FUNCTIONS.o
 .debug_macro   0x000000000001e33f      0x295 Core/Src/FUNCTIONS.o
 .debug_macro   0x000000000001e5d4      0x12d Core/Src/FUNCTIONS.o
 .debug_macro   0x000000000001e701       0x52 Core/Src/FUNCTIONS.o
 .debug_macro   0x000000000001e753       0x18 Core/Src/FUNCTIONS.o
 .debug_macro   0x000000000001e76b       0x3c Core/Src/FUNCTIONS.o
 .debug_macro   0x000000000001e7a7       0x34 Core/Src/FUNCTIONS.o
 .debug_macro   0x000000000001e7db       0x16 Core/Src/FUNCTIONS.o
 .debug_macro   0x000000000001e7f1       0x35 Core/Src/FUNCTIONS.o
 .debug_macro   0x000000000001e826      0x333 Core/Src/FUNCTIONS.o
 .debug_macro   0x000000000001eb59       0x10 Core/Src/FUNCTIONS.o
 .debug_macro   0x000000000001eb69       0x16 Core/Src/FUNCTIONS.o
 .debug_macro   0x000000000001eb7f       0x43 Core/Src/FUNCTIONS.o
 .debug_macro   0x000000000001ebc2       0x34 Core/Src/FUNCTIONS.o
 .debug_macro   0x000000000001ebf6       0x10 Core/Src/FUNCTIONS.o
 .debug_macro   0x000000000001ec06       0x58 Core/Src/FUNCTIONS.o
 .debug_macro   0x000000000001ec5e       0x71 Core/Src/FUNCTIONS.o
 .debug_macro   0x000000000001eccf       0x1c Core/Src/FUNCTIONS.o
 .debug_macro   0x000000000001eceb      0x12a Core/Src/FUNCTIONS.o
 .debug_macro   0x000000000001ee15       0x10 Core/Src/FUNCTIONS.o
 .debug_macro   0x000000000001ee25       0x1c Core/Src/FUNCTIONS.o
 .debug_macro   0x000000000001ee41       0x52 Core/Src/FUNCTIONS.o
 .debug_macro   0x000000000001ee93       0x22 Core/Src/FUNCTIONS.o
 .debug_macro   0x000000000001eeb5       0x10 Core/Src/FUNCTIONS.o
 .debug_macro   0x000000000001eec5       0x40 Core/Src/FUNCTIONS.o
 .debug_macro   0x000000000001ef05       0xd5 Core/Src/FUNCTIONS.o
 .debug_macro   0x000000000001efda       0x1c Core/Src/FUNCTIONS.o
 .debug_macro   0x000000000001eff6       0x3d Core/Src/FUNCTIONS.o
 .debug_macro   0x000000000001f033       0x16 Core/Src/FUNCTIONS.o
 .debug_macro   0x000000000001f049      0x145 Core/Src/FUNCTIONS.o
 .debug_macro   0x000000000001f18e       0x16 Core/Src/FUNCTIONS.o
 .debug_macro   0x000000000001f1a4       0x20 Core/Src/FUNCTIONS.o
 .debug_macro   0x000000000001f1c4       0x22 Core/Src/FUNCTIONS.o
 .debug_macro   0x000000000001f1e6       0x16 Core/Src/FUNCTIONS.o
 .debug_macro   0x000000000001f1fc       0x16 Core/Src/FUNCTIONS.o
 .debug_macro   0x000000000001f212       0x29 Core/Src/FUNCTIONS.o
 .debug_macro   0x000000000001f23b      0x1b4 Core/Src/FUNCTIONS.o
 .debug_macro   0x000000000001f3ef      0x393 Core/Src/MY_ILI9341.o
 .debug_macro   0x000000000001f782       0x1c Core/Src/MY_ILI9341.o
 .debug_macro   0x000000000001f79e      0x2a8 Core/Src/UartRingbuffer.o
 .debug_macro   0x000000000001fa46       0x10 Core/Src/UartRingbuffer.o
 .debug_macro   0x000000000001fa56      0x3ac Core/Src/main.o
 .debug_macro   0x000000000001fe02       0x28 Core/Src/main.o
 .debug_macro   0x000000000001fe2a      0x3ac Core/Src/stm32f4xx_hal_msp.o
 .debug_macro   0x00000000000201d6      0x3b6 Core/Src/stm32f4xx_it.o
 .debug_macro   0x000000000002058c       0xff Core/Src/sysmem.o
 .debug_macro   0x000000000002068b      0x23b Core/Src/sysmem.o
 .debug_macro   0x00000000000208c6      0x1c4 Core/Src/system_stm32f4xx.o
 .debug_macro   0x0000000000020a8a      0x224 Drivers/STM32F4xx_HAL_Driver/Src/stm32f4xx_hal.o
 .debug_macro   0x0000000000020cae      0x1c4 Drivers/STM32F4xx_HAL_Driver/Src/stm32f4xx_hal_cortex.o
 .debug_macro   0x0000000000020e72      0x1ca Drivers/STM32F4xx_HAL_Driver/Src/stm32f4xx_hal_gpio.o
 .debug_macro   0x000000000002103c      0x1e8 Drivers/STM32F4xx_HAL_Driver/Src/stm32f4xx_hal_rcc.o
 .debug_macro   0x0000000000021224      0x1d3 Drivers/STM32F4xx_HAL_Driver/Src/stm32f4xx_hal_spi.o
 .debug_macro   0x00000000000213f7      0x1c5 Drivers/STM32F4xx_HAL_Driver/Src/stm32f4xx_hal_uart.o

.debug_line     0x0000000000000000     0xb9f4
 .debug_line    0x0000000000000000      0xb68 Core/Src/FUNCTIONS.o
 .debug_line    0x0000000000000b68     0x1054 Core/Src/MY_ILI9341.o
 .debug_line    0x0000000000001bbc      0xcd0 Core/Src/UartRingbuffer.o
 .debug_line    0x000000000000288c      0xab5 Core/Src/main.o
 .debug_line    0x0000000000003341      0x9e9 Core/Src/stm32f4xx_hal_msp.o
 .debug_line    0x0000000000003d2a      0xa29 Core/Src/stm32f4xx_it.o
 .debug_line    0x0000000000004753      0x534 Core/Src/sysmem.o
 .debug_line    0x0000000000004c87      0x75e Core/Src/system_stm32f4xx.o
 .debug_line    0x00000000000053e5       0x88 Core/Startup/startup_stm32f407vetx.o
 .debug_line    0x000000000000546d      0x9c4 Drivers/STM32F4xx_HAL_Driver/Src/stm32f4xx_hal.o
 .debug_line    0x0000000000005e31      0xc73 Drivers/STM32F4xx_HAL_Driver/Src/stm32f4xx_hal_cortex.o
 .debug_line    0x0000000000006aa4      0xb3c Drivers/STM32F4xx_HAL_Driver/Src/stm32f4xx_hal_gpio.o
 .debug_line    0x00000000000075e0      0xd3e Drivers/STM32F4xx_HAL_Driver/Src/stm32f4xx_hal_rcc.o
 .debug_line    0x000000000000831e     0x1c4c Drivers/STM32F4xx_HAL_Driver/Src/stm32f4xx_hal_spi.o
 .debug_line    0x0000000000009f6a     0x1a8a Drivers/STM32F4xx_HAL_Driver/Src/stm32f4xx_hal_uart.o

.debug_str      0x0000000000000000    0xc4d63
 .debug_str     0x0000000000000000    0xc1bc9 Core/Src/FUNCTIONS.o
                                      0xc1ee3 (size before relaxing)
 .debug_str     0x00000000000c1bc9      0x71d Core/Src/MY_ILI9341.o
                                      0xc25d0 (size before relaxing)
 .debug_str     0x00000000000c22e6      0x2ec Core/Src/UartRingbuffer.o
                                      0xc0d9a (size before relaxing)
 .debug_str     0x00000000000c25d2      0x385 Core/Src/main.o
                                      0xc2810 (size before relaxing)
 .debug_str     0x00000000000c2957      0x548 Core/Src/stm32f4xx_hal_msp.o
                                      0xc2b5e (size before relaxing)
 .debug_str     0x00000000000c2e9f       0xcf Core/Src/stm32f4xx_it.o
                                      0xc23dd (size before relaxing)
 .debug_str     0x00000000000c2f6e      0x4e9 Core/Src/sysmem.o
                                       0x62a5 (size before relaxing)
 .debug_str     0x00000000000c3457       0xaf Core/Src/system_stm32f4xx.o
                                      0xbd726 (size before relaxing)
 .debug_str     0x00000000000c3506       0x36 Core/Startup/startup_stm32f407vetx.o
                                         0x76 (size before relaxing)
 .debug_str     0x00000000000c353c      0x583 Drivers/STM32F4xx_HAL_Driver/Src/stm32f4xx_hal.o
                                      0xbe208 (size before relaxing)
 .debug_str     0x00000000000c3abf      0x399 Drivers/STM32F4xx_HAL_Driver/Src/stm32f4xx_hal_cortex.o
                                      0xbdff7 (size before relaxing)
 .debug_str     0x00000000000c3e58      0x15f Drivers/STM32F4xx_HAL_Driver/Src/stm32f4xx_hal_gpio.o
                                      0xbd8cd (size before relaxing)
 .debug_str     0x00000000000c3fb7      0x259 Drivers/STM32F4xx_HAL_Driver/Src/stm32f4xx_hal_rcc.o
                                      0xbdb28 (size before relaxing)
 .debug_str     0x00000000000c4210      0x57f Drivers/STM32F4xx_HAL_Driver/Src/stm32f4xx_hal_spi.o
                                      0xbdfca (size before relaxing)
 .debug_str     0x00000000000c478f      0x5d4 Drivers/STM32F4xx_HAL_Driver/Src/stm32f4xx_hal_uart.o
                                      0xbe08a (size before relaxing)

.comment        0x0000000000000000       0x53
 .comment       0x0000000000000000       0x53 Core/Src/FUNCTIONS.o
                                         0x54 (size before relaxing)
 .comment       0x0000000000000053       0x54 Core/Src/MY_ILI9341.o
 .comment       0x0000000000000053       0x54 Core/Src/UartRingbuffer.o
 .comment       0x0000000000000053       0x54 Core/Src/main.o
 .comment       0x0000000000000053       0x54 Core/Src/stm32f4xx_hal_msp.o
 .comment       0x0000000000000053       0x54 Core/Src/stm32f4xx_it.o
 .comment       0x0000000000000053       0x54 Core/Src/sysmem.o
 .comment       0x0000000000000053       0x54 Core/Src/system_stm32f4xx.o
 .comment       0x0000000000000053       0x54 Drivers/STM32F4xx_HAL_Driver/Src/stm32f4xx_hal.o
 .comment       0x0000000000000053       0x54 Drivers/STM32F4xx_HAL_Driver/Src/stm32f4xx_hal_cortex.o
 .comment       0x0000000000000053       0x54 Drivers/STM32F4xx_HAL_Driver/Src/stm32f4xx_hal_gpio.o
 .comment       0x0000000000000053       0x54 Drivers/STM32F4xx_HAL_Driver/Src/stm32f4xx_hal_rcc.o
 .comment       0x0000000000000053       0x54 Drivers/STM32F4xx_HAL_Driver/Src/stm32f4xx_hal_spi.o
 .comment       0x0000000000000053       0x54 Drivers/STM32F4xx_HAL_Driver/Src/stm32f4xx_hal_uart.o

.debug_frame    0x0000000000000000     0x2b18
 .debug_frame   0x0000000000000000       0xd0 Core/Src/FUNCTIONS.o
 .debug_frame   0x00000000000000d0      0x35c Core/Src/MY_ILI9341.o
 .debug_frame   0x000000000000042c      0x204 Core/Src/UartRingbuffer.o
 .debug_frame   0x0000000000000630       0xc8 Core/Src/main.o
 .debug_frame   0x00000000000006f8       0xc8 Core/Src/stm32f4xx_hal_msp.o
 .debug_frame   0x00000000000007c0      0x120 Core/Src/stm32f4xx_it.o
 .debug_frame   0x00000000000008e0       0x34 Core/Src/sysmem.o
 .debug_frame   0x0000000000000914       0x58 Core/Src/system_stm32f4xx.o
 .debug_frame   0x000000000000096c      0x374 Drivers/STM32F4xx_HAL_Driver/Src/stm32f4xx_hal.o
 .debug_frame   0x0000000000000ce0      0x498 Drivers/STM32F4xx_HAL_Driver/Src/stm32f4xx_hal_cortex.o
 .debug_frame   0x0000000000001178      0x14c Drivers/STM32F4xx_HAL_Driver/Src/stm32f4xx_hal_gpio.o
 .debug_frame   0x00000000000012c4      0x1ec Drivers/STM32F4xx_HAL_Driver/Src/stm32f4xx_hal_rcc.o
 .debug_frame   0x00000000000014b0      0x824 Drivers/STM32F4xx_HAL_Driver/Src/stm32f4xx_hal_spi.o
 .debug_frame   0x0000000000001cd4      0x924 Drivers/STM32F4xx_HAL_Driver/Src/stm32f4xx_hal_uart.o
 .debug_frame   0x00000000000025f8       0x20 /Applications/STM32CubeIDE.app/Contents/Eclipse/plugins/com.st.stm32cube.ide.mcu.externaltools.gnu-tools-for-stm32.9-2020-q2-update.macos64_1.5.0.202011040924/tools/bin/../lib/gcc/arm-none-eabi/9.3.1/../../../../arm-none-eabi/lib/thumb/v7e-m+fp/hard/libc_nano.a(lib_a-errno.o)
 .debug_frame   0x0000000000002618       0x2c /Applications/STM32CubeIDE.app/Contents/Eclipse/plugins/com.st.stm32cube.ide.mcu.externaltools.gnu-tools-for-stm32.9-2020-q2-update.macos64_1.5.0.202011040924/tools/bin/../lib/gcc/arm-none-eabi/9.3.1/../../../../arm-none-eabi/lib/thumb/v7e-m+fp/hard/libc_nano.a(lib_a-init.o)
 .debug_frame   0x0000000000002644       0x28 /Applications/STM32CubeIDE.app/Contents/Eclipse/plugins/com.st.stm32cube.ide.mcu.externaltools.gnu-tools-for-stm32.9-2020-q2-update.macos64_1.5.0.202011040924/tools/bin/../lib/gcc/arm-none-eabi/9.3.1/../../../../arm-none-eabi/lib/thumb/v7e-m+fp/hard/libc_nano.a(lib_a-memcpy-stub.o)
 .debug_frame   0x000000000000266c       0x20 /Applications/STM32CubeIDE.app/Contents/Eclipse/plugins/com.st.stm32cube.ide.mcu.externaltools.gnu-tools-for-stm32.9-2020-q2-update.macos64_1.5.0.202011040924/tools/bin/../lib/gcc/arm-none-eabi/9.3.1/../../../../arm-none-eabi/lib/thumb/v7e-m+fp/hard/libc_nano.a(lib_a-memset.o)
 .debug_frame   0x000000000000268c       0x7c /Applications/STM32CubeIDE.app/Contents/Eclipse/plugins/com.st.stm32cube.ide.mcu.externaltools.gnu-tools-for-stm32.9-2020-q2-update.macos64_1.5.0.202011040924/tools/bin/../lib/gcc/arm-none-eabi/9.3.1/../../../../arm-none-eabi/lib/thumb/v7e-m+fp/hard/libc_nano.a(lib_a-snprintf.o)
 .debug_frame   0x0000000000002708       0x6c /Applications/STM32CubeIDE.app/Contents/Eclipse/plugins/com.st.stm32cube.ide.mcu.externaltools.gnu-tools-for-stm32.9-2020-q2-update.macos64_1.5.0.202011040924/tools/bin/../lib/gcc/arm-none-eabi/9.3.1/../../../../arm-none-eabi/lib/thumb/v7e-m+fp/hard/libc_nano.a(lib_a-sprintf.o)
 .debug_frame   0x0000000000002774       0x90 /Applications/STM32CubeIDE.app/Contents/Eclipse/plugins/com.st.stm32cube.ide.mcu.externaltools.gnu-tools-for-stm32.9-2020-q2-update.macos64_1.5.0.202011040924/tools/bin/../lib/gcc/arm-none-eabi/9.3.1/../../../../arm-none-eabi/lib/thumb/v7e-m+fp/hard/libc_nano.a(lib_a-nano-svfprintf.o)
 .debug_frame   0x0000000000002804       0x60 /Applications/STM32CubeIDE.app/Contents/Eclipse/plugins/com.st.stm32cube.ide.mcu.externaltools.gnu-tools-for-stm32.9-2020-q2-update.macos64_1.5.0.202011040924/tools/bin/../lib/gcc/arm-none-eabi/9.3.1/../../../../arm-none-eabi/lib/thumb/v7e-m+fp/hard/libc_nano.a(lib_a-nano-vfprintf_i.o)
 .debug_frame   0x0000000000002864       0x28 /Applications/STM32CubeIDE.app/Contents/Eclipse/plugins/com.st.stm32cube.ide.mcu.externaltools.gnu-tools-for-stm32.9-2020-q2-update.macos64_1.5.0.202011040924/tools/bin/../lib/gcc/arm-none-eabi/9.3.1/../../../../arm-none-eabi/lib/thumb/v7e-m+fp/hard/libc_nano.a(lib_a-memmove.o)
 .debug_frame   0x000000000000288c       0x38 /Applications/STM32CubeIDE.app/Contents/Eclipse/plugins/com.st.stm32cube.ide.mcu.externaltools.gnu-tools-for-stm32.9-2020-q2-update.macos64_1.5.0.202011040924/tools/bin/../lib/gcc/arm-none-eabi/9.3.1/../../../../arm-none-eabi/lib/thumb/v7e-m+fp/hard/libc_nano.a(lib_a-nano-freer.o)
 .debug_frame   0x00000000000028c4       0x30 /Applications/STM32CubeIDE.app/Contents/Eclipse/plugins/com.st.stm32cube.ide.mcu.externaltools.gnu-tools-for-stm32.9-2020-q2-update.macos64_1.5.0.202011040924/tools/bin/../lib/gcc/arm-none-eabi/9.3.1/../../../../arm-none-eabi/lib/thumb/v7e-m+fp/hard/libc_nano.a(lib_a-nano-mallocr.o)
 .debug_frame   0x00000000000028f4       0x3c /Applications/STM32CubeIDE.app/Contents/Eclipse/plugins/com.st.stm32cube.ide.mcu.externaltools.gnu-tools-for-stm32.9-2020-q2-update.macos64_1.5.0.202011040924/tools/bin/../lib/gcc/arm-none-eabi/9.3.1/../../../../arm-none-eabi/lib/thumb/v7e-m+fp/hard/libc_nano.a(lib_a-nano-reallocr.o)
 .debug_frame   0x0000000000002930       0x2c /Applications/STM32CubeIDE.app/Contents/Eclipse/plugins/com.st.stm32cube.ide.mcu.externaltools.gnu-tools-for-stm32.9-2020-q2-update.macos64_1.5.0.202011040924/tools/bin/../lib/gcc/arm-none-eabi/9.3.1/../../../../arm-none-eabi/lib/thumb/v7e-m+fp/hard/libc_nano.a(lib_a-sbrkr.o)
 .debug_frame   0x000000000000295c       0x30 /Applications/STM32CubeIDE.app/Contents/Eclipse/plugins/com.st.stm32cube.ide.mcu.externaltools.gnu-tools-for-stm32.9-2020-q2-update.macos64_1.5.0.202011040924/tools/bin/../lib/gcc/arm-none-eabi/9.3.1/../../../../arm-none-eabi/lib/thumb/v7e-m+fp/hard/libc_nano.a(lib_a-mlock.o)
 .debug_frame   0x000000000000298c       0x20 /Applications/STM32CubeIDE.app/Contents/Eclipse/plugins/com.st.stm32cube.ide.mcu.externaltools.gnu-tools-for-stm32.9-2020-q2-update.macos64_1.5.0.202011040924/tools/bin/../lib/gcc/arm-none-eabi/9.3.1/../../../../arm-none-eabi/lib/thumb/v7e-m+fp/hard/libc_nano.a(lib_a-nano-msizer.o)
 .debug_frame   0x00000000000029ac       0x5c /Applications/STM32CubeIDE.app/Contents/Eclipse/plugins/com.st.stm32cube.ide.mcu.externaltools.gnu-tools-for-stm32.9-2020-q2-update.macos64_1.5.0.202011040924/tools/bin/../lib/gcc/arm-none-eabi/9.3.1/../../../../arm-none-eabi/lib/thumb/v7e-m+fp/hard/libc_nano.a(lib_a-reent.o)
 .debug_frame   0x0000000000002a08       0xb0 /Applications/STM32CubeIDE.app/Contents/Eclipse/plugins/com.st.stm32cube.ide.mcu.externaltools.gnu-tools-for-stm32.9-2020-q2-update.macos64_1.5.0.202011040924/tools/bin/../lib/gcc/arm-none-eabi/9.3.1/../../../../arm-none-eabi/lib/thumb/v7e-m+fp/hard/libc_nano.a(lib_a-lock.o)
 .debug_frame   0x0000000000002ab8       0x2c /Applications/STM32CubeIDE.app/Contents/Eclipse/plugins/com.st.stm32cube.ide.mcu.externaltools.gnu-tools-for-stm32.9-2020-q2-update.macos64_1.5.0.202011040924/tools/bin/../lib/gcc/arm-none-eabi/9.3.1/thumb/v7e-m+fp/hard/libgcc.a(_aeabi_uldivmod.o)
 .debug_frame   0x0000000000002ae4       0x34 /Applications/STM32CubeIDE.app/Contents/Eclipse/plugins/com.st.stm32cube.ide.mcu.externaltools.gnu-tools-for-stm32.9-2020-q2-update.macos64_1.5.0.202011040924/tools/bin/../lib/gcc/arm-none-eabi/9.3.1/thumb/v7e-m+fp/hard/libgcc.a(_udivmoddi4.o)
